Archive member included to satisfy reference by file (symbol)

c:/program files/stmicroelectronics/stm32cube/stm32cubeide_1.7.0/stm32cubeide/plugins/com.st.stm32cube.ide.mcu.externaltools.gnu-tools-for-stm32.9-2020-q2-update.win32_2.0.0.202105311346/tools/bin/../lib/gcc/arm-none-eabi/9.3.1/../../../../arm-none-eabi/lib/thumb/v7e-m+fp/hard\libc_nano.a(lib_a-atoi.o)
                              ./Core/Src/main.o (atoi)
c:/program files/stmicroelectronics/stm32cube/stm32cubeide_1.7.0/stm32cubeide/plugins/com.st.stm32cube.ide.mcu.externaltools.gnu-tools-for-stm32.9-2020-q2-update.win32_2.0.0.202105311346/tools/bin/../lib/gcc/arm-none-eabi/9.3.1/../../../../arm-none-eabi/lib/thumb/v7e-m+fp/hard\libc_nano.a(lib_a-errno.o)
                              ./Core/Src/syscalls.o (__errno)
c:/program files/stmicroelectronics/stm32cube/stm32cubeide_1.7.0/stm32cubeide/plugins/com.st.stm32cube.ide.mcu.externaltools.gnu-tools-for-stm32.9-2020-q2-update.win32_2.0.0.202105311346/tools/bin/../lib/gcc/arm-none-eabi/9.3.1/../../../../arm-none-eabi/lib/thumb/v7e-m+fp/hard\libc_nano.a(lib_a-exit.o)
                              c:/program files/stmicroelectronics/stm32cube/stm32cubeide_1.7.0/stm32cubeide/plugins/com.st.stm32cube.ide.mcu.externaltools.gnu-tools-for-stm32.9-2020-q2-update.win32_2.0.0.202105311346/tools/bin/../lib/gcc/arm-none-eabi/9.3.1/../../../../arm-none-eabi/lib/thumb/v7e-m+fp/hard/crt0.o (exit)
c:/program files/stmicroelectronics/stm32cube/stm32cubeide_1.7.0/stm32cubeide/plugins/com.st.stm32cube.ide.mcu.externaltools.gnu-tools-for-stm32.9-2020-q2-update.win32_2.0.0.202105311346/tools/bin/../lib/gcc/arm-none-eabi/9.3.1/../../../../arm-none-eabi/lib/thumb/v7e-m+fp/hard\libc_nano.a(lib_a-impure.o)
                              c:/program files/stmicroelectronics/stm32cube/stm32cubeide_1.7.0/stm32cubeide/plugins/com.st.stm32cube.ide.mcu.externaltools.gnu-tools-for-stm32.9-2020-q2-update.win32_2.0.0.202105311346/tools/bin/../lib/gcc/arm-none-eabi/9.3.1/../../../../arm-none-eabi/lib/thumb/v7e-m+fp/hard\libc_nano.a(lib_a-exit.o) (_global_impure_ptr)
c:/program files/stmicroelectronics/stm32cube/stm32cubeide_1.7.0/stm32cubeide/plugins/com.st.stm32cube.ide.mcu.externaltools.gnu-tools-for-stm32.9-2020-q2-update.win32_2.0.0.202105311346/tools/bin/../lib/gcc/arm-none-eabi/9.3.1/../../../../arm-none-eabi/lib/thumb/v7e-m+fp/hard\libc_nano.a(lib_a-init.o)
                              c:/program files/stmicroelectronics/stm32cube/stm32cubeide_1.7.0/stm32cubeide/plugins/com.st.stm32cube.ide.mcu.externaltools.gnu-tools-for-stm32.9-2020-q2-update.win32_2.0.0.202105311346/tools/bin/../lib/gcc/arm-none-eabi/9.3.1/../../../../arm-none-eabi/lib/thumb/v7e-m+fp/hard/crt0.o (__libc_init_array)
c:/program files/stmicroelectronics/stm32cube/stm32cubeide_1.7.0/stm32cubeide/plugins/com.st.stm32cube.ide.mcu.externaltools.gnu-tools-for-stm32.9-2020-q2-update.win32_2.0.0.202105311346/tools/bin/../lib/gcc/arm-none-eabi/9.3.1/../../../../arm-none-eabi/lib/thumb/v7e-m+fp/hard\libc_nano.a(lib_a-isalpha.o)
                              ./MyLibrary/SerialProtocol/serialprotocol.o (isalpha)
c:/program files/stmicroelectronics/stm32cube/stm32cubeide_1.7.0/stm32cubeide/plugins/com.st.stm32cube.ide.mcu.externaltools.gnu-tools-for-stm32.9-2020-q2-update.win32_2.0.0.202105311346/tools/bin/../lib/gcc/arm-none-eabi/9.3.1/../../../../arm-none-eabi/lib/thumb/v7e-m+fp/hard\libc_nano.a(lib_a-itoa.o)
                              ./MyLibrary/SerialProtocol/serialprotocol.o (itoa)
c:/program files/stmicroelectronics/stm32cube/stm32cubeide_1.7.0/stm32cubeide/plugins/com.st.stm32cube.ide.mcu.externaltools.gnu-tools-for-stm32.9-2020-q2-update.win32_2.0.0.202105311346/tools/bin/../lib/gcc/arm-none-eabi/9.3.1/../../../../arm-none-eabi/lib/thumb/v7e-m+fp/hard\libc_nano.a(lib_a-memset.o)
                              c:/program files/stmicroelectronics/stm32cube/stm32cubeide_1.7.0/stm32cubeide/plugins/com.st.stm32cube.ide.mcu.externaltools.gnu-tools-for-stm32.9-2020-q2-update.win32_2.0.0.202105311346/tools/bin/../lib/gcc/arm-none-eabi/9.3.1/../../../../arm-none-eabi/lib/thumb/v7e-m+fp/hard/crt0.o (memset)
c:/program files/stmicroelectronics/stm32cube/stm32cubeide_1.7.0/stm32cubeide/plugins/com.st.stm32cube.ide.mcu.externaltools.gnu-tools-for-stm32.9-2020-q2-update.win32_2.0.0.202105311346/tools/bin/../lib/gcc/arm-none-eabi/9.3.1/../../../../arm-none-eabi/lib/thumb/v7e-m+fp/hard\libc_nano.a(lib_a-rand.o)
                              ./MyLibrary/SerialProtocol/serialprotocol.o (srand)
c:/program files/stmicroelectronics/stm32cube/stm32cubeide_1.7.0/stm32cubeide/plugins/com.st.stm32cube.ide.mcu.externaltools.gnu-tools-for-stm32.9-2020-q2-update.win32_2.0.0.202105311346/tools/bin/../lib/gcc/arm-none-eabi/9.3.1/../../../../arm-none-eabi/lib/thumb/v7e-m+fp/hard\libc_nano.a(lib_a-strcat.o)
                              ./MyLibrary/SerialProtocol/serialprotocol.o (strcat)
[...]
Memory Configuration

Name             Origin             Length             Attributes
RAM              0x0000000020000000 0x000000000000c000 xrw
RAM2             0x0000000010000000 0x0000000000004000 xrw
FLASH            0x0000000008000000 0x0000000000040000 xr
*default*        0x0000000000000000 0xffffffffffffffff

Linker script and memory map

LOAD c:/program files/stmicroelectronics/stm32cube/stm32cubeide_1.7.0/stm32cubeide/plugins/com.st.stm32cube.ide.mcu.externaltools.gnu-tools-for-stm32.9-2020-q2-update.win32_2.0.0.202105311346/tools/bin/../lib/gcc/arm-none-eabi/9.3.1/thumb/v7e-m+fp/hard/crti.o
LOAD c:/program files/stmicroelectronics/stm32cube/stm32cubeide_1.7.0/stm32cubeide/plugins/com.st.stm32cube.ide.mcu.externaltools.gnu-tools-for-stm32.9-2020-q2-update.win32_2.0.0.202105311346/tools/bin/../lib/gcc/arm-none-eabi/9.3.1/thumb/v7e-m+fp/hard/crtbegin.o
LOAD c:/program files/stmicroelectronics/stm32cube/stm32cubeide_1.7.0/stm32cubeide/plugins/com.st.stm32cube.ide.mcu.externaltools.gnu-tools-for-stm32.9-2020-q2-update.win32_2.0.0.202105311346/tools/bin/../lib/gcc/arm-none-eabi/9.3.1/../../../../arm-none-eabi/lib/thumb/v7e-m+fp/hard/crt0.o
LOAD ./Core/Src/main.o
LOAD ./Core/Src/stm32l4xx_hal_msp.o
LOAD ./Core/Src/stm32l4xx_it.o
LOAD ./Core/Src/syscalls.o
LOAD ./Core/Src/sysmem.o
LOAD ./Core/Src/system_stm32l4xx.o
LOAD ./Core/Startup/startup_stm32l432kcux.o
LOAD ./Drivers/STM32L4xx_HAL_Driver/Src/stm32l4xx_hal.o
LOAD ./Drivers/STM32L4xx_HAL_Driver/Src/stm32l4xx_hal_cortex.o
LOAD ./Drivers/STM32L4xx_HAL_Driver/Src/stm32l4xx_hal_dma.o
LOAD ./Drivers/STM32L4xx_HAL_Driver/Src/stm32l4xx_hal_dma_ex.o
LOAD ./Drivers/STM32L4xx_HAL_Driver/Src/stm32l4xx_hal_exti.o
LOAD ./Drivers/STM32L4xx_HAL_Driver/Src/stm32l4xx_hal_flash.o
LOAD ./Drivers/STM32L4xx_HAL_Driver/Src/stm32l4xx_hal_flash_ex.o
LOAD ./Drivers/STM32L4xx_HAL_Driver/Src/stm32l4xx_hal_flash_ramfunc.o
LOAD ./Drivers/STM32L4xx_HAL_Driver/Src/stm32l4xx_hal_gpio.o
LOAD ./Drivers/STM32L4xx_HAL_Driver/Src/stm32l4xx_hal_i2c.o
LOAD ./Drivers/STM32L4xx_HAL_Driver/Src/stm32l4xx_hal_i2c_ex.o
LOAD ./Drivers/STM32L4xx_HAL_Driver/Src/stm32l4xx_hal_pwr.o
LOAD ./Drivers/STM32L4xx_HAL_Driver/Src/stm32l4xx_hal_pwr_ex.o
LOAD ./Drivers/STM32L4xx_HAL_Driver/Src/stm32l4xx_hal_rcc.o
LOAD ./Drivers/STM32L4xx_HAL_Driver/Src/stm32l4xx_hal_rcc_ex.o
LOAD ./Drivers/STM32L4xx_HAL_Driver/Src/stm32l4xx_hal_tim.o
LOAD ./Drivers/STM32L4xx_HAL_Driver/Src/stm32l4xx_hal_tim_ex.o
LOAD ./Drivers/STM32L4xx_HAL_Driver/Src/stm32l4xx_hal_uart.o
LOAD ./Drivers/STM32L4xx_HAL_Driver/Src/stm32l4xx_hal_uart_ex.o
LOAD ./MyLibrary/Clipboards/Bargraph/bargraph.o
LOAD ./MyLibrary/Clipboards/Rotary/rotary.o
LOAD ./MyLibrary/Clipboards/clipboard.o
LOAD ./MyLibrary/SerialProtocol/serialprotocol.o
LOAD ./MyLibrary/StdLib/mystdlib.o
START GROUP
LOAD c:/program files/stmicroelectronics/stm32cube/stm32cubeide_1.7.0/stm32cubeide/plugins/com.st.stm32cube.ide.mcu.externaltools.gnu-tools-for-stm32.9-2020-q2-update.win32_2.0.0.202105311346/tools/bin/../lib/gcc/arm-none-eabi/9.3.1/../../../../arm-none-eabi/lib/thumb/v7e-m+fp/hard\libc_nano.a
LOAD c:/program files/stmicroelectronics/stm32cube/stm32cubeide_1.7.0/stm32cubeide/plugins/com.st.stm32cube.ide.mcu.externaltools.gnu-tools-for-stm32.9-2020-q2-update.win32_2.0.0.202105311346/tools/bin/../lib/gcc/arm-none-eabi/9.3.1/../../../../arm-none-eabi/lib/thumb/v7e-m+fp/hard\libm.a
END GROUP
START GROUP
LOAD c:/program files/stmicroelectronics/stm32cube/stm32cubeide_1.7.0/stm32cubeide/plugins/com.st.stm32cube.ide.mcu.externaltools.gnu-tools-for-stm32.9-2020-q2-update.win32_2.0.0.202105311346/tools/bin/../lib/gcc/arm-none-eabi/9.3.1/thumb/v7e-m+fp/hard\libgcc.a
LOAD c:/program files/stmicroelectronics/stm32cube/stm32cubeide_1.7.0/stm32cubeide/plugins/com.st.stm32cube.ide.mcu.externaltools.gnu-tools-for-stm32.9-2020-q2-update.win32_2.0.0.202105311346/tools/bin/../lib/gcc/arm-none-eabi/9.3.1/../../../../arm-none-eabi/lib/thumb/v7e-m+fp/hard\libc_nano.a
END GROUP
START GROUP
LOAD c:/program files/stmicroelectronics/stm32cube/stm32cubeide_1.7.0/stm32cubeide/plugins/com.st.stm32cube.ide.mcu.externaltools.gnu-tools-for-stm32.9-2020-q2-update.win32_2.0.0.202105311346/tools/bin/../lib/gcc/arm-none-eabi/9.3.1/thumb/v7e-m+fp/hard\libgcc.a
LOAD c:/program files/stmicroelectronics/stm32cube/stm32cubeide_1.7.0/stm32cubeide/plugins/com.st.stm32cube.ide.mcu.externaltools.gnu-tools-for-stm32.9-2020-q2-update.win32_2.0.0.202105311346/tools/bin/../lib/gcc/arm-none-eabi/9.3.1/../../../../arm-none-eabi/lib/thumb/v7e-m+fp/hard\libc_nano.a
LOAD c:/program files/stmicroelectronics/stm32cube/stm32cubeide_1.7.0/stm32cubeide/plugins/com.st.stm32cube.ide.mcu.externaltools.gnu-tools-for-stm32.9-2020-q2-update.win32_2.0.0.202105311346/tools/bin/../lib/gcc/arm-none-eabi/9.3.1/../../../../arm-none-eabi/lib/thumb/v7e-m+fp/hard\libnosys.a
END GROUP
START GROUP
LOAD c:/program files/stmicroelectronics/stm32cube/stm32cubeide_1.7.0/stm32cubeide/plugins/com.st.stm32cube.ide.mcu.externaltools.gnu-tools-for-stm32.9-2020-q2-update.win32_2.0.0.202105311346/tools/bin/../lib/gcc/arm-none-eabi/9.3.1/thumb/v7e-m+fp/hard\libgcc.a
LOAD c:/program files/stmicroelectronics/stm32cube/stm32cubeide_1.7.0/stm32cubeide/plugins/com.st.stm32cube.ide.mcu.externaltools.gnu-tools-for-stm32.9-2020-q2-update.win32_2.0.0.202105311346/tools/bin/../lib/gcc/arm-none-eabi/9.3.1/../../../../arm-none-eabi/lib/thumb/v7e-m+fp/hard\libc_nano.a
LOAD c:/program files/stmicroelectronics/stm32cube/stm32cubeide_1.7.0/stm32cubeide/plugins/com.st.stm32cube.ide.mcu.externaltools.gnu-tools-for-stm32.9-2020-q2-update.win32_2.0.0.202105311346/tools/bin/../lib/gcc/arm-none-eabi/9.3.1/../../../../arm-none-eabi/lib/thumb/v7e-m+fp/hard\libnosys.a
END GROUP
LOAD c:/program files/stmicroelectronics/stm32cube/stm32cubeide_1.7.0/stm32cubeide/plugins/com.st.stm32cube.ide.mcu.externaltools.gnu-tools-for-stm32.9-2020-q2-update.win32_2.0.0.202105311346/tools/bin/../lib/gcc/arm-none-eabi/9.3.1/thumb/v7e-m+fp/hard/crtend.o
LOAD c:/program files/stmicroelectronics/stm32cube/stm32cubeide_1.7.0/stm32cubeide/plugins/com.st.stm32cube.ide.mcu.externaltools.gnu-tools-for-stm32.9-2020-q2-update.win32_2.0.0.202105311346/tools/bin/../lib/gcc/arm-none-eabi/9.3.1/thumb/v7e-m+fp/hard/crtn.o
                0x000000002000c000                _estack = (ORIGIN (RAM) + LENGTH (RAM))
                0x0000000000000200                _Min_Heap_Size = 0x200
                0x0000000000000400                _Min_Stack_Size = 0x400

.isr_vector     0x0000000008000000      0x18c
                0x0000000008000000                . = ALIGN (0x4)
 *(.isr_vector)
 .isr_vector    0x0000000008000000      0x18c ./Core/Startup/startup_stm32l432kcux.o
                0x0000000008000000                g_pfnVectors
                0x000000000800018c                . = ALIGN (0x4)

.text           0x0000000008000190     0x7b4c
                0x0000000008000190                . = ALIGN (0x4)
 *(.text)
 .text          0x0000000008000190       0x40 c:/program files/stmicroelectronics/stm32cube/stm32cubeide_1.7.0/stm32cubeide/plugins/com.st.stm32cube.ide.mcu.externaltools.gnu-tools-for-stm32.9-2020-q2-update.win32_2.0.0.202105311346/tools/bin/../lib/gcc/arm-none-eabi/9.3.1/thumb/v7e-m+fp/hard/crtbegin.o
 .text          0x00000000080001d0       0x14 c:/program files/stmicroelectronics/stm32cube/stm32cubeide_1.7.0/stm32cubeide/plugins/com.st.stm32cube.ide.mcu.externaltools.gnu-tools-for-stm32.9-2020-q2-update.win32_2.0.0.202105311346/tools/bin/../lib/gcc/arm-none-eabi/9.3.1/../../../../arm-none-eabi/lib/thumb/v7e-m+fp/hard\libc_nano.a(lib_a-strcmp.o)
                0x00000000080001d0                strcmp
 .text          0x00000000080001e4       0x10 c:/program files/stmicroelectronics/stm32cube/stm32cubeide_1.7.0/stm32cubeide/plugins/com.st.stm32cube.ide.mcu.externaltools.gnu-tools-for-stm32.9-2020-q2-update.win32_2.0.0.202105311346/tools/bin/../lib/gcc/arm-none-eabi/9.3.1/../../../../arm-none-eabi/lib/thumb/v7e-m+fp/hard\libc_nano.a(lib_a-strlen.o)
                0x00000000080001e4                strlen
 *fill*         0x00000000080001f4        0xc 
 .text          0x0000000008000200       0xa0 c:/program files/stmicroelectronics/stm32cube/stm32cubeide_1.7.0/stm32cubeide/plugins/com.st.stm32cube.ide.mcu.externaltools.gnu-tools-for-stm32.9-2020-q2-update.win32_2.0.0.202105311346/tools/bin/../lib/gcc/arm-none-eabi/9.3.1/../../../../arm-none-eabi/lib/thumb/v7e-m+fp/hard\libc_nano.a(lib_a-memchr.o)
                0x0000000008000200                memchr
 .text          0x00000000080002a0       0x30 c:/program files/stmicroelectronics/stm32cube/stm32cubeide_1.7.0/stm32cubeide/plugins/com.st.stm32cube.ide.mcu.externaltools.gnu-tools-for-stm32.9-2020-q2-update.win32_2.0.0.202105311346/tools/bin/../lib/gcc/arm-none-eabi/9.3.1/thumb/v7e-m+fp/hard\libgcc.a(_aeabi_uldivmod.o)
                0x00000000080002a0                __aeabi_uldivmod
 .text          0x00000000080002d0      0x2c4 c:/program files/stmicroelectronics/stm32cube/stm32cubeide_1.7.0/stm32cubeide/plugins/com.st.stm32cube.ide.mcu.externaltools.gnu-tools-for-stm32.9-2020-q2-update.win32_2.0.0.202105311346/tools/bin/../lib/gcc/arm-none-eabi/9.3.1/thumb/v7e-m+fp/hard\libgcc.a(_udivmoddi4.o)
                0x00000000080002d0                __udivmoddi4
 .text          0x0000000008000594        0x4 c:/program files/stmicroelectronics/stm32cube/stm32cubeide_1.7.0/stm32cubeide/plugins/com.st.stm32cube.ide.mcu.externaltools.gnu-tools-for-stm32.9-2020-q2-update.win32_2.0.0.202105311346/tools/bin/../lib/gcc/arm-none-eabi/9.3.1/thumb/v7e-m+fp/hard\libgcc.a(_dvmd_tls.o)
                0x0000000008000594                __aeabi_idiv0
                0x0000000008000594                __aeabi_ldiv0
 *(.text*)
 .text.ITM_SendChar
                0x0000000008000598       0x4e ./Core/Src/main.o
 .text._write   0x00000000080005e6       0x38 ./Core/Src/main.o
                0x00000000080005e6                _write
 .text.calculate_bargraph_bitframe.9901
                0x000000000800061e       0x4c ./Core/Src/main.o
 *fill*         0x000000000800066a        0x2 
 .text.main     0x000000000800066c      0x124 ./Core/Src/main.o
                0x000000000800066c                main
 .text.calculate_rotary_brightness.9909
                0x0000000008000790       0x4c ./Core/Src/main.o
 .text.SystemClock_Config
                0x00000000080007dc       0x8c ./Core/Src/main.o
                0x00000000080007dc                SystemClock_Config
 .text.MX_TIM1_Init
                0x0000000008000868      0x120 ./Core/Src/main.o
 .text.MX_TIM6_Init
                0x0000000008000988       0x6c ./Core/Src/main.o
 .text.MX_USART2_UART_Init
                0x00000000080009f4       0x60 ./Core/Src/main.o
 .text.MX_GPIO_Init
                0x0000000008000a54      0x100 ./Core/Src/main.o
 .text.HAL_GPIO_EXTI_Callback
                0x0000000008000b54      0x10c ./Core/Src/main.o
                0x0000000008000b54                HAL_GPIO_EXTI_Callback
 .text.HAL_UART_RxCpltCallback
                0x0000000008000c60       0x74 ./Core/Src/main.o
                0x0000000008000c60                HAL_UART_RxCpltCallback
 .text.SERIALPROT_Command_CRG_Callback
                0x0000000008000cd4       0x74 ./Core/Src/main.o
                0x0000000008000cd4                SERIALPROT_Command_CRG_Callback
 .text.SERIALPROT_Command_CRS_Callback
                0x0000000008000d48      0x164 ./Core/Src/main.o
                0x0000000008000d48                SERIALPROT_Command_CRS_Callback
 .text.SERIALPROT_Command_CBG_Callback
                0x0000000008000eac       0x98 ./Core/Src/main.o
                0x0000000008000eac                SERIALPROT_Command_CBG_Callback
 .text.SERIALPROT_Command_CBS_Callback
                0x0000000008000f44      0x188 ./Core/Src/main.o
                0x0000000008000f44                SERIALPROT_Command_CBS_Callback
 .text.Error_Handler
                0x00000000080010cc        0xa ./Core/Src/main.o
                0x00000000080010cc                Error_Handler
 *fill*         0x00000000080010d6        0x2 
 .text.HAL_MspInit
                0x00000000080010d8       0x48 ./Core/Src/stm32l4xx_hal_msp.o
                0x00000000080010d8                HAL_MspInit
 .text.HAL_TIM_PWM_MspInit
                0x0000000008001120       0x40 ./Core/Src/stm32l4xx_hal_msp.o
                0x0000000008001120                HAL_TIM_PWM_MspInit
 .text.HAL_TIM_Base_MspInit
                0x0000000008001160       0x40 ./Core/Src/stm32l4xx_hal_msp.o
                0x0000000008001160                HAL_TIM_Base_MspInit
 .text.HAL_TIM_MspPostInit
                0x00000000080011a0       0x70 ./Core/Src/stm32l4xx_hal_msp.o
                0x00000000080011a0                HAL_TIM_MspPostInit
 .text.HAL_UART_MspInit
                0x0000000008001210       0xe4 ./Core/Src/stm32l4xx_hal_msp.o
                0x0000000008001210                HAL_UART_MspInit
 .text.NMI_Handler
                0x00000000080012f4        0x6 ./Core/Src/stm32l4xx_it.o
                0x00000000080012f4                NMI_Handler
 .text.HardFault_Handler
                0x00000000080012fa        0x6 ./Core/Src/stm32l4xx_it.o
                0x00000000080012fa                HardFault_Handler
 .text.MemManage_Handler
                0x0000000008001300        0x6 ./Core/Src/stm32l4xx_it.o
                0x0000000008001300                MemManage_Handler
 .text.BusFault_Handler
                0x0000000008001306        0x6 ./Core/Src/stm32l4xx_it.o
                0x0000000008001306                BusFault_Handler
 .text.UsageFault_Handler
                0x000000000800130c        0x6 ./Core/Src/stm32l4xx_it.o
                0x000000000800130c                UsageFault_Handler
 .text.SVC_Handler
                0x0000000008001312       0x16 ./Core/Src/stm32l4xx_it.o
                0x0000000008001312                SVC_Handler
 .text.DebugMon_Handler
                0x0000000008001328        0xe ./Core/Src/stm32l4xx_it.o
                0x0000000008001328                DebugMon_Handler
 .text.PendSV_Handler
                0x0000000008001336       0x16 ./Core/Src/stm32l4xx_it.o
                0x0000000008001336                PendSV_Handler
 .text.SysTick_Handler
                0x000000000800134c        0xc ./Core/Src/stm32l4xx_it.o
                0x000000000800134c                SysTick_Handler
 .text.EXTI1_IRQHandler
                0x0000000008001358        0xe ./Core/Src/stm32l4xx_it.o
                0x0000000008001358                EXTI1_IRQHandler
 .text.EXTI4_IRQHandler
                0x0000000008001366        0xe ./Core/Src/stm32l4xx_it.o
                0x0000000008001366                EXTI4_IRQHandler
 .text.EXTI9_5_IRQHandler
                0x0000000008001374        0xe ./Core/Src/stm32l4xx_it.o
                0x0000000008001374                EXTI9_5_IRQHandler
 *fill*         0x0000000008001382        0x2 
 .text.USART2_IRQHandler
                0x0000000008001384       0x14 ./Core/Src/stm32l4xx_it.o
                0x0000000008001384                USART2_IRQHandler
 .text._getpid  0x0000000008001398       0x10 ./Core/Src/syscalls.o
                0x0000000008001398                _getpid
 .text._kill    0x00000000080013a8       0x20 ./Core/Src/syscalls.o
                0x00000000080013a8                _kill
 .text._exit    0x00000000080013c8       0x14 ./Core/Src/syscalls.o
                0x00000000080013c8                _exit
 .text._read    0x00000000080013dc       0x3a ./Core/Src/syscalls.o
                0x00000000080013dc                _read
 .text._close   0x0000000008001416       0x18 ./Core/Src/syscalls.o
                0x0000000008001416                _close
 .text._fstat   0x000000000800142e       0x20 ./Core/Src/syscalls.o
                0x000000000800142e                _fstat
 .text._isatty  0x000000000800144e       0x16 ./Core/Src/syscalls.o
                0x000000000800144e                _isatty
 .text._lseek   0x0000000008001464       0x1a ./Core/Src/syscalls.o
                0x0000000008001464                _lseek
 *fill*         0x000000000800147e        0x2 
 .text._sbrk    0x0000000008001480       0x6c ./Core/Src/sysmem.o
                0x0000000008001480                _sbrk
 .text.SystemInit
                0x00000000080014ec       0x64 ./Core/Src/system_stm32l4xx.o
                0x00000000080014ec                SystemInit
 .text.Reset_Handler
                0x0000000008001550       0x50 ./Core/Startup/startup_stm32l432kcux.o
                0x0000000008001550                Reset_Handler
 .text.Default_Handler
                0x00000000080015a0        0x2 ./Core/Startup/startup_stm32l432kcux.o
                0x00000000080015a0                RTC_Alarm_IRQHandler
                0x00000000080015a0                EXTI2_IRQHandler
                0x00000000080015a0                TIM1_CC_IRQHandler
                0x00000000080015a0                TSC_IRQHandler
                0x00000000080015a0                TAMP_STAMP_IRQHandler
                0x00000000080015a0                EXTI3_IRQHandler
                0x00000000080015a0                LPTIM2_IRQHandler
                0x00000000080015a0                I2C3_ER_IRQHandler
                0x00000000080015a0                EXTI0_IRQHandler
                0x00000000080015a0                CAN1_RX0_IRQHandler
                0x00000000080015a0                FPU_IRQHandler
                0x00000000080015a0                TIM1_UP_TIM16_IRQHandler
                0x00000000080015a0                SPI1_IRQHandler
                0x00000000080015a0                TIM6_DAC_IRQHandler
                0x00000000080015a0                DMA2_Channel2_IRQHandler
                0x00000000080015a0                DMA1_Channel4_IRQHandler
                0x00000000080015a0                ADC1_IRQHandler
                0x00000000080015a0                DMA1_Channel7_IRQHandler
                0x00000000080015a0                CAN1_RX1_IRQHandler
                0x00000000080015a0                DMA2_Channel1_IRQHandler
                0x00000000080015a0                QUADSPI_IRQHandler
                0x00000000080015a0                I2C1_EV_IRQHandler
                0x00000000080015a0                DMA1_Channel6_IRQHandler
                0x00000000080015a0                DMA2_Channel4_IRQHandler
                0x00000000080015a0                RCC_IRQHandler
                0x00000000080015a0                TIM1_TRG_COM_IRQHandler
                0x00000000080015a0                DMA1_Channel1_IRQHandler
                0x00000000080015a0                Default_Handler
                0x00000000080015a0                DMA2_Channel7_IRQHandler
                0x00000000080015a0                EXTI15_10_IRQHandler
                0x00000000080015a0                TIM7_IRQHandler
                0x00000000080015a0                I2C3_EV_IRQHandler
                0x00000000080015a0                USB_IRQHandler
                0x00000000080015a0                RTC_WKUP_IRQHandler
                0x00000000080015a0                PVD_PVM_IRQHandler
                0x00000000080015a0                CAN1_TX_IRQHandler
                0x00000000080015a0                DMA2_Channel5_IRQHandler
                0x00000000080015a0                CRS_IRQHandler
                0x00000000080015a0                DMA1_Channel5_IRQHandler
                0x00000000080015a0                RNG_IRQHandler
                0x00000000080015a0                DMA1_Channel3_IRQHandler
                0x00000000080015a0                COMP_IRQHandler
                0x00000000080015a0                WWDG_IRQHandler
                0x00000000080015a0                LPUART1_IRQHandler
                0x00000000080015a0                DMA2_Channel6_IRQHandler
                0x00000000080015a0                TIM2_IRQHandler
                0x00000000080015a0                DMA1_Channel2_IRQHandler
                0x00000000080015a0                CAN1_SCE_IRQHandler
                0x00000000080015a0                FLASH_IRQHandler
                0x00000000080015a0                USART1_IRQHandler
                0x00000000080015a0                SPI3_IRQHandler
                0x00000000080015a0                I2C1_ER_IRQHandler
                0x00000000080015a0                SWPMI1_IRQHandler
                0x00000000080015a0                LPTIM1_IRQHandler
                0x00000000080015a0                SAI1_IRQHandler
                0x00000000080015a0                DMA2_Channel3_IRQHandler
                0x00000000080015a0                TIM1_BRK_TIM15_IRQHandler
 .text.HAL_Init
                0x00000000080015a2       0x30 ./Drivers/STM32L4xx_HAL_Driver/Src/stm32l4xx_hal.o
                0x00000000080015a2                HAL_Init
 *fill*         0x00000000080015d2        0x2 
 .text.HAL_InitTick
                0x00000000080015d4       0x78 ./Drivers/STM32L4xx_HAL_Driver/Src/stm32l4xx_hal.o
                0x00000000080015d4                HAL_InitTick
 .text.HAL_IncTick
                0x000000000800164c       0x28 ./Drivers/STM32L4xx_HAL_Driver/Src/stm32l4xx_hal.o
                0x000000000800164c                HAL_IncTick
 .text.HAL_GetTick
                0x0000000008001674       0x18 ./Drivers/STM32L4xx_HAL_Driver/Src/stm32l4xx_hal.o
                0x0000000008001674                HAL_GetTick
 .text.__NVIC_SetPriorityGrouping
                0x000000000800168c       0x48 ./Drivers/STM32L4xx_HAL_Driver/Src/stm32l4xx_hal_cortex.o
 .text.__NVIC_GetPriorityGrouping
                0x00000000080016d4       0x1c ./Drivers/STM32L4xx_HAL_Driver/Src/stm32l4xx_hal_cortex.o
 .text.__NVIC_EnableIRQ
                0x00000000080016f0       0x3c ./Drivers/STM32L4xx_HAL_Driver/Src/stm32l4xx_hal_cortex.o
 .text.__NVIC_SetPriority
                0x000000000800172c       0x54 ./Drivers/STM32L4xx_HAL_Driver/Src/stm32l4xx_hal_cortex.o
 .text.NVIC_EncodePriority
                0x0000000008001780       0x66 ./Drivers/STM32L4xx_HAL_Driver/Src/stm32l4xx_hal_cortex.o
 *fill*         0x00000000080017e6        0x2 
 .text.SysTick_Config
                0x00000000080017e8       0x44 ./Drivers/STM32L4xx_HAL_Driver/Src/stm32l4xx_hal_cortex.o
 .text.HAL_NVIC_SetPriorityGrouping
                0x000000000800182c       0x16 ./Drivers/STM32L4xx_HAL_Driver/Src/stm32l4xx_hal_cortex.o
                0x000000000800182c                HAL_NVIC_SetPriorityGrouping
 .text.HAL_NVIC_SetPriority
                0x0000000008001842       0x38 ./Drivers/STM32L4xx_HAL_Driver/Src/stm32l4xx_hal_cortex.o
                0x0000000008001842                HAL_NVIC_SetPriority
 .text.HAL_NVIC_EnableIRQ
                0x000000000800187a       0x1c ./Drivers/STM32L4xx_HAL_Driver/Src/stm32l4xx_hal_cortex.o
                0x000000000800187a                HAL_NVIC_EnableIRQ
 .text.HAL_SYSTICK_Config
                0x0000000008001896       0x18 ./Drivers/STM32L4xx_HAL_Driver/Src/stm32l4xx_hal_cortex.o
                0x0000000008001896                HAL_SYSTICK_Config
 .text.HAL_DMA_Abort
                0x00000000080018ae       0x7c ./Drivers/STM32L4xx_HAL_Driver/Src/stm32l4xx_hal_dma.o
                0x00000000080018ae                HAL_DMA_Abort
 .text.HAL_DMA_Abort_IT
                0x000000000800192a       0x82 ./Drivers/STM32L4xx_HAL_Driver/Src/stm32l4xx_hal_dma.o
                0x000000000800192a                HAL_DMA_Abort_IT
 .text.HAL_GPIO_Init
                0x00000000080019ac      0x2d4 ./Drivers/STM32L4xx_HAL_Driver/Src/stm32l4xx_hal_gpio.o
                0x00000000080019ac                HAL_GPIO_Init
 .text.HAL_GPIO_ReadPin
                0x0000000008001c80       0x30 ./Drivers/STM32L4xx_HAL_Driver/Src/stm32l4xx_hal_gpio.o
                0x0000000008001c80                HAL_GPIO_ReadPin
 .text.HAL_GPIO_WritePin
                0x0000000008001cb0       0x30 ./Drivers/STM32L4xx_HAL_Driver/Src/stm32l4xx_hal_gpio.o
                0x0000000008001cb0                HAL_GPIO_WritePin
 .text.HAL_GPIO_EXTI_IRQHandler
                0x0000000008001ce0       0x30 ./Drivers/STM32L4xx_HAL_Driver/Src/stm32l4xx_hal_gpio.o
                0x0000000008001ce0                HAL_GPIO_EXTI_IRQHandler
 .text.HAL_PWREx_GetVoltageRange
                0x0000000008001d10       0x1c ./Drivers/STM32L4xx_HAL_Driver/Src/stm32l4xx_hal_pwr_ex.o
                0x0000000008001d10                HAL_PWREx_GetVoltageRange
 .text.HAL_PWREx_ControlVoltageScaling
                0x0000000008001d2c       0xac ./Drivers/STM32L4xx_HAL_Driver/Src/stm32l4xx_hal_pwr_ex.o
                0x0000000008001d2c                HAL_PWREx_ControlVoltageScaling
 .text.HAL_RCC_OscConfig
                0x0000000008001dd8      0x840 ./Drivers/STM32L4xx_HAL_Driver/Src/stm32l4xx_hal_rcc.o
                0x0000000008001dd8                HAL_RCC_OscConfig
 .text.HAL_RCC_ClockConfig
                0x0000000008002618      0x1c4 ./Drivers/STM32L4xx_HAL_Driver/Src/stm32l4xx_hal_rcc.o
                0x0000000008002618                HAL_RCC_ClockConfig
 .text.HAL_RCC_GetSysClockFreq
                0x00000000080027dc      0x118 ./Drivers/STM32L4xx_HAL_Driver/Src/stm32l4xx_hal_rcc.o
                0x00000000080027dc                HAL_RCC_GetSysClockFreq
 .text.HAL_RCC_GetHCLKFreq
                0x00000000080028f4       0x18 ./Drivers/STM32L4xx_HAL_Driver/Src/stm32l4xx_hal_rcc.o
                0x00000000080028f4                HAL_RCC_GetHCLKFreq
 .text.HAL_RCC_GetPCLK1Freq
                0x000000000800290c       0x2c ./Drivers/STM32L4xx_HAL_Driver/Src/stm32l4xx_hal_rcc.o
                0x000000000800290c                HAL_RCC_GetPCLK1Freq
 .text.HAL_RCC_GetPCLK2Freq
                0x0000000008002938       0x2c ./Drivers/STM32L4xx_HAL_Driver/Src/stm32l4xx_hal_rcc.o
                0x0000000008002938                HAL_RCC_GetPCLK2Freq
 .text.RCC_SetFlashLatencyFromMSIRange
                0x0000000008002964       0xc0 ./Drivers/STM32L4xx_HAL_Driver/Src/stm32l4xx_hal_rcc.o
 .text.HAL_RCCEx_PeriphCLKConfig
                0x0000000008002a24      0x3e8 ./Drivers/STM32L4xx_HAL_Driver/Src/stm32l4xx_hal_rcc_ex.o
                0x0000000008002a24                HAL_RCCEx_PeriphCLKConfig
 .text.RCCEx_PLLSAI1_Config
                0x0000000008002e0c      0x1e4 ./Drivers/STM32L4xx_HAL_Driver/Src/stm32l4xx_hal_rcc_ex.o
 .text.HAL_TIM_Base_Init
                0x0000000008002ff0       0xae ./Drivers/STM32L4xx_HAL_Driver/Src/stm32l4xx_hal_tim.o
                0x0000000008002ff0                HAL_TIM_Base_Init
 *fill*         0x000000000800309e        0x2 
 .text.HAL_TIM_Base_Start
                0x00000000080030a0       0x98 ./Drivers/STM32L4xx_HAL_Driver/Src/stm32l4xx_hal_tim.o
                0x00000000080030a0                HAL_TIM_Base_Start
 .text.HAL_TIM_PWM_Init
                0x0000000008003138       0xae ./Drivers/STM32L4xx_HAL_Driver/Src/stm32l4xx_hal_tim.o
                0x0000000008003138                HAL_TIM_PWM_Init
 *fill*         0x00000000080031e6        0x2 
 .text.HAL_TIM_PWM_Start
                0x00000000080031e8      0x1bc ./Drivers/STM32L4xx_HAL_Driver/Src/stm32l4xx_hal_tim.o
                0x00000000080031e8                HAL_TIM_PWM_Start
 .text.HAL_TIM_PWM_ConfigChannel
                0x00000000080033a4      0x220 ./Drivers/STM32L4xx_HAL_Driver/Src/stm32l4xx_hal_tim.o
                0x00000000080033a4                HAL_TIM_PWM_ConfigChannel
 .text.TIM_Base_SetConfig
                0x00000000080035c4       0xc8 ./Drivers/STM32L4xx_HAL_Driver/Src/stm32l4xx_hal_tim.o
                0x00000000080035c4                TIM_Base_SetConfig
 .text.TIM_OC1_SetConfig
                0x000000000800368c       0xf8 ./Drivers/STM32L4xx_HAL_Driver/Src/stm32l4xx_hal_tim.o
 .text.TIM_OC2_SetConfig
                0x0000000008003784       0xf4 ./Drivers/STM32L4xx_HAL_Driver/Src/stm32l4xx_hal_tim.o
                0x0000000008003784                TIM_OC2_SetConfig
 .text.TIM_OC3_SetConfig
                0x0000000008003878       0xf0 ./Drivers/STM32L4xx_HAL_Driver/Src/stm32l4xx_hal_tim.o
 .text.TIM_OC4_SetConfig
                0x0000000008003968       0xbc ./Drivers/STM32L4xx_HAL_Driver/Src/stm32l4xx_hal_tim.o
 .text.TIM_OC5_SetConfig
                0x0000000008003a24       0xb0 ./Drivers/STM32L4xx_HAL_Driver/Src/stm32l4xx_hal_tim.o
 .text.TIM_OC6_SetConfig
                0x0000000008003ad4       0xb4 ./Drivers/STM32L4xx_HAL_Driver/Src/stm32l4xx_hal_tim.o
 .text.TIM_CCxChannelCmd
                0x0000000008003b88       0x4a ./Drivers/STM32L4xx_HAL_Driver/Src/stm32l4xx_hal_tim.o
                0x0000000008003b88                TIM_CCxChannelCmd
 *fill*         0x0000000008003bd2        0x2 
 .text.HAL_TIMEx_PWMN_Start
                0x0000000008003bd4      0x13c ./Drivers/STM32L4xx_HAL_Driver/Src/stm32l4xx_hal_tim_ex.o
                0x0000000008003bd4                HAL_TIMEx_PWMN_Start
 .text.HAL_TIMEx_MasterConfigSynchronization
                0x0000000008003d10       0xcc ./Drivers/STM32L4xx_HAL_Driver/Src/stm32l4xx_hal_tim_ex.o
                0x0000000008003d10                HAL_TIMEx_MasterConfigSynchronization
 .text.HAL_TIMEx_ConfigBreakDeadTime
                0x0000000008003ddc       0xf0 ./Drivers/STM32L4xx_HAL_Driver/Src/stm32l4xx_hal_tim_ex.o
                0x0000000008003ddc                HAL_TIMEx_ConfigBreakDeadTime
 .text.TIM_CCxNChannelCmd
                0x0000000008003ecc       0x4a ./Drivers/STM32L4xx_HAL_Driver/Src/stm32l4xx_hal_tim_ex.o
 .text.HAL_UART_Init
                0x0000000008003f16       0x9c ./Drivers/STM32L4xx_HAL_Driver/Src/stm32l4xx_hal_uart.o
                0x0000000008003f16                HAL_UART_Init
 .text.HAL_UART_Transmit
                0x0000000008003fb2      0x128 ./Drivers/STM32L4xx_HAL_Driver/Src/stm32l4xx_hal_uart.o
                0x0000000008003fb2                HAL_UART_Transmit
 *fill*         0x00000000080040da        0x2 
 .text.HAL_UART_Receive_IT
                0x00000000080040dc       0x88 ./Drivers/STM32L4xx_HAL_Driver/Src/stm32l4xx_hal_uart.o
                0x00000000080040dc                HAL_UART_Receive_IT
 .text.HAL_UART_IRQHandler
                0x0000000008004164      0x404 ./Drivers/STM32L4xx_HAL_Driver/Src/stm32l4xx_hal_uart.o
                0x0000000008004164                HAL_UART_IRQHandler
 .text.HAL_UART_TxCpltCallback
                0x0000000008004568       0x14 ./Drivers/STM32L4xx_HAL_Driver/Src/stm32l4xx_hal_uart.o
                0x0000000008004568                HAL_UART_TxCpltCallback
 .text.HAL_UART_ErrorCallback
                0x000000000800457c       0x14 ./Drivers/STM32L4xx_HAL_Driver/Src/stm32l4xx_hal_uart.o
                0x000000000800457c                HAL_UART_ErrorCallback
 .text.HAL_UARTEx_RxEventCallback
                0x0000000008004590       0x18 ./Drivers/STM32L4xx_HAL_Driver/Src/stm32l4xx_hal_uart.o
                0x0000000008004590                HAL_UARTEx_RxEventCallback
 .text.UART_SetConfig
                0x00000000080045a8      0x418 ./Drivers/STM32L4xx_HAL_Driver/Src/stm32l4xx_hal_uart.o
                0x00000000080045a8                UART_SetConfig
 .text.UART_AdvFeatureConfig
                0x00000000080049c0      0x144 ./Drivers/STM32L4xx_HAL_Driver/Src/stm32l4xx_hal_uart.o
                0x00000000080049c0                UART_AdvFeatureConfig
 .text.UART_CheckIdleState
                0x0000000008004b04       0x92 ./Drivers/STM32L4xx_HAL_Driver/Src/stm32l4xx_hal_uart.o
                0x0000000008004b04                UART_CheckIdleState
 .text.UART_WaitOnFlagUntilTimeout
                0x0000000008004b96       0xf8 ./Drivers/STM32L4xx_HAL_Driver/Src/stm32l4xx_hal_uart.o
                0x0000000008004b96                UART_WaitOnFlagUntilTimeout
 *fill*         0x0000000008004c8e        0x2 
 .text.UART_Start_Receive_IT
                0x0000000008004c90      0x110 ./Drivers/STM32L4xx_HAL_Driver/Src/stm32l4xx_hal_uart.o
                0x0000000008004c90                UART_Start_Receive_IT
 .text.UART_EndRxTransfer
                0x0000000008004da0       0x5e ./Drivers/STM32L4xx_HAL_Driver/Src/stm32l4xx_hal_uart.o
 .text.UART_DMAAbortOnError
                0x0000000008004dfe       0x2c ./Drivers/STM32L4xx_HAL_Driver/Src/stm32l4xx_hal_uart.o
 .text.UART_EndTransmit_IT
                0x0000000008004e2a       0x32 ./Drivers/STM32L4xx_HAL_Driver/Src/stm32l4xx_hal_uart.o
 .text.UART_RxISR_8BIT
                0x0000000008004e5c       0xd8 ./Drivers/STM32L4xx_HAL_Driver/Src/stm32l4xx_hal_uart.o
 .text.UART_RxISR_16BIT
                0x0000000008004f34       0xd8 ./Drivers/STM32L4xx_HAL_Driver/Src/stm32l4xx_hal_uart.o
 .text.HAL_UARTEx_WakeupCallback
                0x000000000800500c       0x14 ./Drivers/STM32L4xx_HAL_Driver/Src/stm32l4xx_hal_uart_ex.o
                0x000000000800500c                HAL_UARTEx_WakeupCallback
 .text.MY_BARGRAPH_Init_Pulsed
                0x0000000008005020       0x54 ./MyLibrary/Clipboards/Bargraph/bargraph.o
                0x0000000008005020                MY_BARGRAPH_Init_Pulsed
 .text.MY_BARGRAPH_SET_BITS
                0x0000000008005074       0x3e ./MyLibrary/Clipboards/Bargraph/bargraph.o
                0x0000000008005074                MY_BARGRAPH_SET_BITS
 *fill*         0x00000000080050b2        0x2 
 .text.MY_BARGRAPH_SET_BITS_PULSED
                0x00000000080050b4      0x3dc ./MyLibrary/Clipboards/Bargraph/bargraph.o
 .text.MY_BARGRAPH_SET_BITS_PWM
                0x0000000008005490       0x78 ./MyLibrary/Clipboards/Bargraph/bargraph.o
 .text.MY_BARGRAPH_SET_BRITGHTNESS_PWM
                0x0000000008005508       0x34 ./MyLibrary/Clipboards/Bargraph/bargraph.o
 .text.MY_ROTARY_Init_Strobed
                0x000000000800553c       0x98 ./MyLibrary/Clipboards/Rotary/rotary.o
                0x000000000800553c                MY_ROTARY_Init_Strobed
 .text.MY_ROTARY_GetEncoderEvent
                0x00000000080055d4       0xb4 ./MyLibrary/Clipboards/Rotary/rotary.o
                0x00000000080055d4                MY_ROTARY_GetEncoderEvent
 .text.MY_ROTARY_SET_LEDS
                0x0000000008005688       0xb4 ./MyLibrary/Clipboards/Rotary/rotary.o
                0x0000000008005688                MY_ROTARY_SET_LEDS
 .text.MY_CLIPBOARD_Init
                0x000000000800573c       0x4c ./MyLibrary/Clipboards/clipboard.o
                0x000000000800573c                MY_CLIPBOARD_Init
 .text.MY_CLIPBOARD_SPI_TX
                0x0000000008005788       0x7a ./MyLibrary/Clipboards/clipboard.o
                0x0000000008005788                MY_CLIPBOARD_SPI_TX
 .text.get_value_bitpositions
                0x0000000008005802       0x3c ./MyLibrary/Clipboards/clipboard.o
                0x0000000008005802                get_value_bitpositions
 *fill*         0x000000000800583e        0x2 
 .text.MYLIB_SERIALPROT_XCHANGE
                0x0000000008005840      0x1d8 ./MyLibrary/SerialProtocol/serialprotocol.o
                0x0000000008005840                MYLIB_SERIALPROT_XCHANGE
 .text.SERIALPROT_Command_GPO_Callback
                0x0000000008005a18       0x16 ./MyLibrary/SerialProtocol/serialprotocol.o
                0x0000000008005a18                SERIALPROT_Command_GPO_Callback
 .text.is_number
                0x0000000008005a2e       0x40 ./MyLibrary/SerialProtocol/serialprotocol.o
 .text.is_alpha_string
                0x0000000008005a6e       0x42 ./MyLibrary/SerialProtocol/serialprotocol.o
 .text.random_number
                0x0000000008005ab0       0x60 ./MyLibrary/SerialProtocol/serialprotocol.o
 .text.add      0x0000000008005b10       0x30 ./MyLibrary/SerialProtocol/serialprotocol.o
 .text.asc      0x0000000008005b40       0x24 ./MyLibrary/SerialProtocol/serialprotocol.o
 .text.cut_input
                0x0000000008005b64       0x50 ./MyLibrary/SerialProtocol/serialprotocol.o
 .text.string_char_frequency
                0x0000000008005bb4       0x54 ./MyLibrary/SerialProtocol/serialprotocol.o
 .text.wrong_message
                0x0000000008005c08       0x78 ./MyLibrary/SerialProtocol/serialprotocol.o
 .text.SERIALPROT_CreateMessage_NUMBER_NUMBER
                0x0000000008005c80       0x74 ./MyLibrary/SerialProtocol/serialprotocol.o
 .text.SERIALPROT_CreateMessage_TEXT_TEXT
                0x0000000008005cf4       0x38 ./MyLibrary/SerialProtocol/serialprotocol.o
 .text.SERIALPROT_CreateMessage_TEXT_NUMBER
                0x0000000008005d2c       0xb0 ./MyLibrary/SerialProtocol/serialprotocol.o
 .text.SERIALPROT_CreateMessage_NUMBER_TEXT
                0x0000000008005ddc       0x18 ./MyLibrary/SerialProtocol/serialprotocol.o
 .text.SERIALPROT_COMMAND_GPO
                0x0000000008005df4       0x8c ./MyLibrary/SerialProtocol/serialprotocol.o
 .text.SERIALPROT_COMMAND_CRS
                0x0000000008005e80      0x104 ./MyLibrary/SerialProtocol/serialprotocol.o
 .text.SERIALPROT_COMMAND_CRG
                0x0000000008005f84      0x118 ./MyLibrary/SerialProtocol/serialprotocol.o
 .text.SERIALPROT_COMMAND_CBS
                0x000000000800609c      0x104 ./MyLibrary/SerialProtocol/serialprotocol.o
 .text.SERIALPROT_COMMAND_CBG
                0x00000000080061a0      0x118 ./MyLibrary/SerialProtocol/serialprotocol.o
 .text.SERIALPROT_COMMAND_RDM
                0x00000000080062b8      0x10c ./MyLibrary/SerialProtocol/serialprotocol.o
 .text.SERIALPROT_COMMAND_ADD
                0x00000000080063c4       0xe8 ./MyLibrary/SerialProtocol/serialprotocol.o
 .text.SERIALPROT_COMMAND_ASC
                0x00000000080064ac      0x114 ./MyLibrary/SerialProtocol/serialprotocol.o
 .text.SERIALPROT_CheckMessage
                0x00000000080065c0      0x2e8 ./MyLibrary/SerialProtocol/serialprotocol.o
 .text.MY_STDLIB_Delay
                0x00000000080068a8       0x30 ./MyLibrary/StdLib/mystdlib.o
                0x00000000080068a8                MY_STDLIB_Delay
 .text.atoi     0x00000000080068d8        0x8 c:/program files/stmicroelectronics/stm32cube/stm32cubeide_1.7.0/stm32cubeide/plugins/com.st.stm32cube.ide.mcu.externaltools.gnu-tools-for-stm32.9-2020-q2-update.win32_2.0.0.202105311346/tools/bin/../lib/gcc/arm-none-eabi/9.3.1/../../../../arm-none-eabi/lib/thumb/v7e-m+fp/hard\libc_nano.a(lib_a-atoi.o)
                0x00000000080068d8                atoi
 .text.__errno  0x00000000080068e0        0xc c:/program files/stmicroelectronics/stm32cube/stm32cubeide_1.7.0/stm32cubeide/plugins/com.st.stm32cube.ide.mcu.externaltools.gnu-tools-for-stm32.9-2020-q2-update.win32_2.0.0.202105311346/tools/bin/../lib/gcc/arm-none-eabi/9.3.1/../../../../arm-none-eabi/lib/thumb/v7e-m+fp/hard\libc_nano.a(lib_a-errno.o)
                0x00000000080068e0                __errno
 .text.__libc_init_array
                0x00000000080068ec       0x48 c:/program files/stmicroelectronics/stm32cube/stm32cubeide_1.7.0/stm32cubeide/plugins/com.st.stm32cube.ide.mcu.externaltools.gnu-tools-for-stm32.9-2020-q2-update.win32_2.0.0.202105311346/tools/bin/../lib/gcc/arm-none-eabi/9.3.1/../../../../arm-none-eabi/lib/thumb/v7e-m+fp/hard\libc_nano.a(lib_a-init.o)
                0x00000000080068ec                __libc_init_array
 .text.isalpha  0x0000000008006934       0x10 c:/program files/stmicroelectronics/stm32cube/stm32cubeide_1.7.0/stm32cubeide/plugins/com.st.stm32cube.ide.mcu.externaltools.gnu-tools-for-stm32.9-2020-q2-update.win32_2.0.0.202105311346/tools/bin/../lib/gcc/arm-none-eabi/9.3.1/../../../../arm-none-eabi/lib/thumb/v7e-m+fp/hard\libc_nano.a(lib_a-isalpha.o)
                0x0000000008006934                isalpha
 .text.__itoa   0x0000000008006944       0x30 c:/program files/stmicroelectronics/stm32cube/stm32cubeide_1.7.0/stm32cubeide/plugins/com.st.stm32cube.ide.mcu.externaltools.gnu-tools-for-stm32.9-2020-q2-update.win32_2.0.0.202105311346/tools/bin/../lib/gcc/arm-none-eabi/9.3.1/../../../../arm-none-eabi/lib/thumb/v7e-m+fp/hard\libc_nano.a(lib_a-itoa.o)
                0x0000000008006944                __itoa
 .text.itoa     0x0000000008006974        0x4 c:/program files/stmicroelectronics/stm32cube/stm32cubeide_1.7.0/stm32cubeide/plugins/com.st.stm32cube.ide.mcu.externaltools.gnu-tools-for-stm32.9-2020-q2-update.win32_2.0.0.202105311346/tools/bin/../lib/gcc/arm-none-eabi/9.3.1/../../../../arm-none-eabi/lib/thumb/v7e-m+fp/hard\libc_nano.a(lib_a-itoa.o)
                0x0000000008006974                itoa
 .text.memset   0x0000000008006978       0x10 c:/program files/stmicroelectronics/stm32cube/stm32cubeide_1.7.0/stm32cubeide/plugins/com.st.stm32cube.ide.mcu.externaltools.gnu-tools-for-stm32.9-2020-q2-update.win32_2.0.0.202105311346/tools/bin/../lib/gcc/arm-none-eabi/9.3.1/../../../../arm-none-eabi/lib/thumb/v7e-m+fp/hard\libc_nano.a(lib_a-memset.o)
                0x0000000008006978                memset
 .text.srand    0x0000000008006988       0x5c c:/program files/stmicroelectronics/stm32cube/stm32cubeide_1.7.0/stm32cubeide/plugins/com.st.stm32cube.ide.mcu.externaltools.gnu-tools-for-stm32.9-2020-q2-update.win32_2.0.0.202105311346/tools/bin/../lib/gcc/arm-none-eabi/9.3.1/../../../../arm-none-eabi/lib/thumb/v7e-m+fp/hard\libc_nano.a(lib_a-rand.o)
                0x0000000008006988                srand
 .text.rand     0x00000000080069e4       0x80 c:/program files/stmicroelectronics/stm32cube/stm32cubeide_1.7.0/stm32cubeide/plugins/com.st.stm32cube.ide.mcu.externaltools.gnu-tools-for-stm32.9-2020-q2-update.win32_2.0.0.202105311346/tools/bin/../lib/gcc/arm-none-eabi/9.3.1/../../../../arm-none-eabi/lib/thumb/v7e-m+fp/hard\libc_nano.a(lib_a-rand.o)
                0x00000000080069e4                rand
 .text.strcat   0x0000000008006a64       0x1e c:/program files/stmicroelectronics/stm32cube/stm32cubeide_1.7.0/stm32cubeide/plugins/com.st.stm32cube.ide.mcu.externaltools.gnu-tools-for-stm32.9-2020-q2-update.win32_2.0.0.202105311346/tools/bin/../lib/gcc/arm-none-eabi/9.3.1/../../../../arm-none-eabi/lib/thumb/v7e-m+fp/hard\libc_nano.a(lib_a-strcat.o)
                0x0000000008006a64                strcat
 .text.strcpy   0x0000000008006a82       0x10 c:/program files/stmicroelectronics/stm32cube/stm32cubeide_1.7.0/stm32cubeide/plugins/com.st.stm32cube.ide.mcu.externaltools.gnu-tools-for-stm32.9-2020-q2-update.win32_2.0.0.202105311346/tools/bin/../lib/gcc/arm-none-eabi/9.3.1/../../../../arm-none-eabi/lib/thumb/v7e-m+fp/hard\libc_nano.a(lib_a-strcpy.o)
                0x0000000008006a82                strcpy
 .text.strcspn  0x0000000008006a92       0x22 c:/program files/stmicroelectronics/stm32cube/stm32cubeide_1.7.0/stm32cubeide/plugins/com.st.stm32cube.ide.mcu.externaltools.gnu-tools-for-stm32.9-2020-q2-update.win32_2.0.0.202105311346/tools/bin/../lib/gcc/arm-none-eabi/9.3.1/../../../../arm-none-eabi/lib/thumb/v7e-m+fp/hard\libc_nano.a(lib_a-strcspn.o)
                0x0000000008006a92                strcspn
 .text.strpbrk  0x0000000008006ab4       0x34 c:/program files/stmicroelectronics/stm32cube/stm32cubeide_1.7.0/stm32cubeide/plugins/com.st.stm32cube.ide.mcu.externaltools.gnu-tools-for-stm32.9-2020-q2-update.win32_2.0.0.202105311346/tools/bin/../lib/gcc/arm-none-eabi/9.3.1/../../../../arm-none-eabi/lib/thumb/v7e-m+fp/hard\libc_nano.a(lib_a-strpbrk.o)
                0x0000000008006ab4                strpbrk
 .text.strtok   0x0000000008006ae8       0x68 c:/program files/stmicroelectronics/stm32cube/stm32cubeide_1.7.0/stm32cubeide/plugins/com.st.stm32cube.ide.mcu.externaltools.gnu-tools-for-stm32.9-2020-q2-update.win32_2.0.0.202105311346/tools/bin/../lib/gcc/arm-none-eabi/9.3.1/../../../../arm-none-eabi/lib/thumb/v7e-m+fp/hard\libc_nano.a(lib_a-strtok.o)
                0x0000000008006ae8                strtok
 .text.__strtok_r
                0x0000000008006b50       0x50 c:/program files/stmicroelectronics/stm32cube/stm32cubeide_1.7.0/stm32cubeide/plugins/com.st.stm32cube.ide.mcu.externaltools.gnu-tools-for-stm32.9-2020-q2-update.win32_2.0.0.202105311346/tools/bin/../lib/gcc/arm-none-eabi/9.3.1/../../../../arm-none-eabi/lib/thumb/v7e-m+fp/hard\libc_nano.a(lib_a-strtok_r.o)
                0x0000000008006b50                __strtok_r
 .text._strtol_l.isra.0
                0x0000000008006ba0      0x108 c:/program files/stmicroelectronics/stm32cube/stm32cubeide_1.7.0/stm32cubeide/plugins/com.st.stm32cube.ide.mcu.externaltools.gnu-tools-for-stm32.9-2020-q2-update.win32_2.0.0.202105311346/tools/bin/../lib/gcc/arm-none-eabi/9.3.1/../../../../arm-none-eabi/lib/thumb/v7e-m+fp/hard\libc_nano.a(lib_a-strtol.o)
 .text.strtol   0x0000000008006ca8       0x14 c:/program files/stmicroelectronics/stm32cube/stm32cubeide_1.7.0/stm32cubeide/plugins/com.st.stm32cube.ide.mcu.externaltools.gnu-tools-for-stm32.9-2020-q2-update.win32_2.0.0.202105311346/tools/bin/../lib/gcc/arm-none-eabi/9.3.1/../../../../arm-none-eabi/lib/thumb/v7e-m+fp/hard\libc_nano.a(lib_a-strtol.o)
                0x0000000008006ca8                strtol
 .text.__utoa   0x0000000008006cbc       0x84 c:/program files/stmicroelectronics/stm32cube/stm32cubeide_1.7.0/stm32cubeide/plugins/com.st.stm32cube.ide.mcu.externaltools.gnu-tools-for-stm32.9-2020-q2-update.win32_2.0.0.202105311346/tools/bin/../lib/gcc/arm-none-eabi/9.3.1/../../../../arm-none-eabi/lib/thumb/v7e-m+fp/hard\libc_nano.a(lib_a-utoa.o)
                0x0000000008006cbc                __utoa
 .text.__assert_func
                0x0000000008006d40       0x3c c:/program files/stmicroelectronics/stm32cube/stm32cubeide_1.7.0/stm32cubeide/plugins/com.st.stm32cube.ide.mcu.externaltools.gnu-tools-for-stm32.9-2020-q2-update.win32_2.0.0.202105311346/tools/bin/../lib/gcc/arm-none-eabi/9.3.1/../../../../arm-none-eabi/lib/thumb/v7e-m+fp/hard\libc_nano.a(lib_a-assert.o)
                0x0000000008006d40                __assert_func
 .text.fprintf  0x0000000008006d7c       0x24 c:/program files/stmicroelectronics/stm32cube/stm32cubeide_1.7.0/stm32cubeide/plugins/com.st.stm32cube.ide.mcu.externaltools.gnu-tools-for-stm32.9-2020-q2-update.win32_2.0.0.202105311346/tools/bin/../lib/gcc/arm-none-eabi/9.3.1/../../../../arm-none-eabi/lib/thumb/v7e-m+fp/hard\libc_nano.a(lib_a-fprintf.o)
                0x0000000008006d7c                fiprintf
                0x0000000008006d7c                fprintf
 .text.malloc   0x0000000008006da0       0x10 c:/program files/stmicroelectronics/stm32cube/stm32cubeide_1.7.0/stm32cubeide/plugins/com.st.stm32cube.ide.mcu.externaltools.gnu-tools-for-stm32.9-2020-q2-update.win32_2.0.0.202105311346/tools/bin/../lib/gcc/arm-none-eabi/9.3.1/../../../../arm-none-eabi/lib/thumb/v7e-m+fp/hard\libc_nano.a(lib_a-malloc.o)
                0x0000000008006da0                malloc
 .text._free_r  0x0000000008006db0       0xa0 c:/program files/stmicroelectronics/stm32cube/stm32cubeide_1.7.0/stm32cubeide/plugins/com.st.stm32cube.ide.mcu.externaltools.gnu-tools-for-stm32.9-2020-q2-update.win32_2.0.0.202105311346/tools/bin/../lib/gcc/arm-none-eabi/9.3.1/../../../../arm-none-eabi/lib/thumb/v7e-m+fp/hard\libc_nano.a(lib_a-nano-freer.o)
                0x0000000008006db0                _free_r
 .text._malloc_r
                0x0000000008006e50       0xb4 c:/program files/stmicroelectronics/stm32cube/stm32cubeide_1.7.0/stm32cubeide/plugins/com.st.stm32cube.ide.mcu.externaltools.gnu-tools-for-stm32.9-2020-q2-update.win32_2.0.0.202105311346/tools/bin/../lib/gcc/arm-none-eabi/9.3.1/../../../../arm-none-eabi/lib/thumb/v7e-m+fp/hard\libc_nano.a(lib_a-nano-mallocr.o)
                0x0000000008006e50                _malloc_r
 .text.__sfputc_r
                0x0000000008006f04       0x2e c:/program files/stmicroelectronics/stm32cube/stm32cubeide_1.7.0/stm32cubeide/plugins/com.st.stm32cube.ide.mcu.externaltools.gnu-tools-for-stm32.9-2020-q2-update.win32_2.0.0.202105311346/tools/bin/../lib/gcc/arm-none-eabi/9.3.1/../../../../arm-none-eabi/lib/thumb/v7e-m+fp/hard\libc_nano.a(lib_a-nano-vfprintf.o)
 .text.__sfputs_r
                0x0000000008006f32       0x24 c:/program files/stmicroelectronics/stm32cube/stm32cubeide_1.7.0/stm32cubeide/plugins/com.st.stm32cube.ide.mcu.externaltools.gnu-tools-for-stm32.9-2020-q2-update.win32_2.0.0.202105311346/tools/bin/../lib/gcc/arm-none-eabi/9.3.1/../../../../arm-none-eabi/lib/thumb/v7e-m+fp/hard\libc_nano.a(lib_a-nano-vfprintf.o)
                0x0000000008006f32                __sfputs_r
 *fill*         0x0000000008006f56        0x2 
 .text._vfprintf_r
                0x0000000008006f58      0x260 c:/program files/stmicroelectronics/stm32cube/stm32cubeide_1.7.0/stm32cubeide/plugins/com.st.stm32cube.ide.mcu.externaltools.gnu-tools-for-stm32.9-2020-q2-update.win32_2.0.0.202105311346/tools/bin/../lib/gcc/arm-none-eabi/9.3.1/../../../../arm-none-eabi/lib/thumb/v7e-m+fp/hard\libc_nano.a(lib_a-nano-vfprintf.o)
                0x0000000008006f58                _vfprintf_r
                0x0000000008006f58                _vfiprintf_r
 .text._printf_common
                0x00000000080071b8       0xda c:/program files/stmicroelectronics/stm32cube/stm32cubeide_1.7.0/stm32cubeide/plugins/com.st.stm32cube.ide.mcu.externaltools.gnu-tools-for-stm32.9-2020-q2-update.win32_2.0.0.202105311346/tools/bin/../lib/gcc/arm-none-eabi/9.3.1/../../../../arm-none-eabi/lib/thumb/v7e-m+fp/hard\libc_nano.a(lib_a-nano-vfprintf_i.o)
                0x00000000080071b8                _printf_common
 *fill*         0x0000000008007292        0x2 
 .text._printf_i
                0x0000000008007294      0x24c c:/program files/stmicroelectronics/stm32cube/stm32cubeide_1.7.0/stm32cubeide/plugins/com.st.stm32cube.ide.mcu.externaltools.gnu-tools-for-stm32.9-2020-q2-update.win32_2.0.0.202105311346/tools/bin/../lib/gcc/arm-none-eabi/9.3.1/../../../../arm-none-eabi/lib/thumb/v7e-m+fp/hard\libc_nano.a(lib_a-nano-vfprintf_i.o)
                0x0000000008007294                _printf_i
 .text._sbrk_r  0x00000000080074e0       0x20 c:/program files/stmicroelectronics/stm32cube/stm32cubeide_1.7.0/stm32cubeide/plugins/com.st.stm32cube.ide.mcu.externaltools.gnu-tools-for-stm32.9-2020-q2-update.win32_2.0.0.202105311346/tools/bin/../lib/gcc/arm-none-eabi/9.3.1/../../../../arm-none-eabi/lib/thumb/v7e-m+fp/hard\libc_nano.a(lib_a-sbrkr.o)
                0x00000000080074e0                _sbrk_r
 .text.__swbuf_r
                0x0000000008007500       0xa4 c:/program files/stmicroelectronics/stm32cube/stm32cubeide_1.7.0/stm32cubeide/plugins/com.st.stm32cube.ide.mcu.externaltools.gnu-tools-for-stm32.9-2020-q2-update.win32_2.0.0.202105311346/tools/bin/../lib/gcc/arm-none-eabi/9.3.1/../../../../arm-none-eabi/lib/thumb/v7e-m+fp/hard\libc_nano.a(lib_a-wbuf.o)
                0x0000000008007500                __swbuf_r
 .text.__swsetup_r
                0x00000000080075a4       0xdc c:/program files/stmicroelectronics/stm32cube/stm32cubeide_1.7.0/stm32cubeide/plugins/com.st.stm32cube.ide.mcu.externaltools.gnu-tools-for-stm32.9-2020-q2-update.win32_2.0.0.202105311346/tools/bin/../lib/gcc/arm-none-eabi/9.3.1/../../../../arm-none-eabi/lib/thumb/v7e-m+fp/hard\libc_nano.a(lib_a-wsetup.o)
                0x00000000080075a4                __swsetup_r
 .text.abort    0x0000000008007680        0xe c:/program files/stmicroelectronics/stm32cube/stm32cubeide_1.7.0/stm32cubeide/plugins/com.st.stm32cube.ide.mcu.externaltools.gnu-tools-for-stm32.9-2020-q2-update.win32_2.0.0.202105311346/tools/bin/../lib/gcc/arm-none-eabi/9.3.1/../../../../arm-none-eabi/lib/thumb/v7e-m+fp/hard\libc_nano.a(lib_a-abort.o)
                0x0000000008007680                abort
 *fill*         0x000000000800768e        0x2 
 .text.__sflush_r
                0x0000000008007690      0x10c c:/program files/stmicroelectronics/stm32cube/stm32cubeide_1.7.0/stm32cubeide/plugins/com.st.stm32cube.ide.mcu.externaltools.gnu-tools-for-stm32.9-2020-q2-update.win32_2.0.0.202105311346/tools/bin/../lib/gcc/arm-none-eabi/9.3.1/../../../../arm-none-eabi/lib/thumb/v7e-m+fp/hard\libc_nano.a(lib_a-fflush.o)
                0x0000000008007690                __sflush_r
 .text._fflush_r
                0x000000000800779c       0x78 c:/program files/stmicroelectronics/stm32cube/stm32cubeide_1.7.0/stm32cubeide/plugins/com.st.stm32cube.ide.mcu.externaltools.gnu-tools-for-stm32.9-2020-q2-update.win32_2.0.0.202105311346/tools/bin/../lib/gcc/arm-none-eabi/9.3.1/../../../../arm-none-eabi/lib/thumb/v7e-m+fp/hard\libc_nano.a(lib_a-fflush.o)
                0x000000000800779c                _fflush_r
 .text.std      0x0000000008007814       0x48 c:/program files/stmicroelectronics/stm32cube/stm32cubeide_1.7.0/stm32cubeide/plugins/com.st.stm32cube.ide.mcu.externaltools.gnu-tools-for-stm32.9-2020-q2-update.win32_2.0.0.202105311346/tools/bin/../lib/gcc/arm-none-eabi/9.3.1/../../../../arm-none-eabi/lib/thumb/v7e-m+fp/hard\libc_nano.a(lib_a-findfp.o)
 .text._cleanup_r
                0x000000000800785c        0xc c:/program files/stmicroelectronics/stm32cube/stm32cubeide_1.7.0/stm32cubeide/plugins/com.st.stm32cube.ide.mcu.externaltools.gnu-tools-for-stm32.9-2020-q2-update.win32_2.0.0.202105311346/tools/bin/../lib/gcc/arm-none-eabi/9.3.1/../../../../arm-none-eabi/lib/thumb/v7e-m+fp/hard\libc_nano.a(lib_a-findfp.o)
                0x000000000800785c                _cleanup_r
 .text.__sfmoreglue
                0x0000000008007868       0x2c c:/program files/stmicroelectronics/stm32cube/stm32cubeide_1.7.0/stm32cubeide/plugins/com.st.stm32cube.ide.mcu.externaltools.gnu-tools-for-stm32.9-2020-q2-update.win32_2.0.0.202105311346/tools/bin/../lib/gcc/arm-none-eabi/9.3.1/../../../../arm-none-eabi/lib/thumb/v7e-m+fp/hard\libc_nano.a(lib_a-findfp.o)
                0x0000000008007868                __sfmoreglue
 .text.__sfp_lock_acquire
                0x0000000008007894        0xc c:/program files/stmicroelectronics/stm32cube/stm32cubeide_1.7.0/stm32cubeide/plugins/com.st.stm32cube.ide.mcu.externaltools.gnu-tools-for-stm32.9-2020-q2-update.win32_2.0.0.202105311346/tools/bin/../lib/gcc/arm-none-eabi/9.3.1/../../../../arm-none-eabi/lib/thumb/v7e-m+fp/hard\libc_nano.a(lib_a-findfp.o)
                0x0000000008007894                __sfp_lock_acquire
 .text.__sfp_lock_release
                0x00000000080078a0        0xc c:/program files/stmicroelectronics/stm32cube/stm32cubeide_1.7.0/stm32cubeide/plugins/com.st.stm32cube.ide.mcu.externaltools.gnu-tools-for-stm32.9-2020-q2-update.win32_2.0.0.202105311346/tools/bin/../lib/gcc/arm-none-eabi/9.3.1/../../../../arm-none-eabi/lib/thumb/v7e-m+fp/hard\libc_nano.a(lib_a-findfp.o)
                0x00000000080078a0                __sfp_lock_release
 .text.__sinit_lock_acquire
                0x00000000080078ac        0xc c:/program files/stmicroelectronics/stm32cube/stm32cubeide_1.7.0/stm32cubeide/plugins/com.st.stm32cube.ide.mcu.externaltools.gnu-tools-for-stm32.9-2020-q2-update.win32_2.0.0.202105311346/tools/bin/../lib/gcc/arm-none-eabi/9.3.1/../../../../arm-none-eabi/lib/thumb/v7e-m+fp/hard\libc_nano.a(lib_a-findfp.o)
                0x00000000080078ac                __sinit_lock_acquire
 .text.__sinit_lock_release
                0x00000000080078b8        0xc c:/program files/stmicroelectronics/stm32cube/stm32cubeide_1.7.0/stm32cubeide/plugins/com.st.stm32cube.ide.mcu.externaltools.gnu-tools-for-stm32.9-2020-q2-update.win32_2.0.0.202105311346/tools/bin/../lib/gcc/arm-none-eabi/9.3.1/../../../../arm-none-eabi/lib/thumb/v7e-m+fp/hard\libc_nano.a(lib_a-findfp.o)
                0x00000000080078b8                __sinit_lock_release
 .text.__sinit  0x00000000080078c4       0x70 c:/program files/stmicroelectronics/stm32cube/stm32cubeide_1.7.0/stm32cubeide/plugins/com.st.stm32cube.ide.mcu.externaltools.gnu-tools-for-stm32.9-2020-q2-update.win32_2.0.0.202105311346/tools/bin/../lib/gcc/arm-none-eabi/9.3.1/../../../../arm-none-eabi/lib/thumb/v7e-m+fp/hard\libc_nano.a(lib_a-findfp.o)
                0x00000000080078c4                __sinit
 .text.__sfp    0x0000000008007934       0x8c c:/program files/stmicroelectronics/stm32cube/stm32cubeide_1.7.0/stm32cubeide/plugins/com.st.stm32cube.ide.mcu.externaltools.gnu-tools-for-stm32.9-2020-q2-update.win32_2.0.0.202105311346/tools/bin/../lib/gcc/arm-none-eabi/9.3.1/../../../../arm-none-eabi/lib/thumb/v7e-m+fp/hard\libc_nano.a(lib_a-findfp.o)
                0x0000000008007934                __sfp
 .text._fwalk_reent
                0x00000000080079c0       0x3e c:/program files/stmicroelectronics/stm32cube/stm32cubeide_1.7.0/stm32cubeide/plugins/com.st.stm32cube.ide.mcu.externaltools.gnu-tools-for-stm32.9-2020-q2-update.win32_2.0.0.202105311346/tools/bin/../lib/gcc/arm-none-eabi/9.3.1/../../../../arm-none-eabi/lib/thumb/v7e-m+fp/hard\libc_nano.a(lib_a-fwalk.o)
                0x00000000080079c0                _fwalk_reent
 .text.__retarget_lock_init_recursive
                0x00000000080079fe        0x2 c:/program files/stmicroelectronics/stm32cube/stm32cubeide_1.7.0/stm32cubeide/plugins/com.st.stm32cube.ide.mcu.externaltools.gnu-tools-for-stm32.9-2020-q2-update.win32_2.0.0.202105311346/tools/bin/../lib/gcc/arm-none-eabi/9.3.1/../../../../arm-none-eabi/lib/thumb/v7e-m+fp/hard\libc_nano.a(lib_a-lock.o)
                0x00000000080079fe                __retarget_lock_init_recursive
 .text.__retarget_lock_acquire_recursive
                0x0000000008007a00        0x2 c:/program files/stmicroelectronics/stm32cube/stm32cubeide_1.7.0/stm32cubeide/plugins/com.st.stm32cube.ide.mcu.externaltools.gnu-tools-for-stm32.9-2020-q2-update.win32_2.0.0.202105311346/tools/bin/../lib/gcc/arm-none-eabi/9.3.1/../../../../arm-none-eabi/lib/thumb/v7e-m+fp/hard\libc_nano.a(lib_a-lock.o)
                0x0000000008007a00                __retarget_lock_acquire_recursive
 .text.__retarget_lock_release_recursive
                0x0000000008007a02        0x2 c:/program files/stmicroelectronics/stm32cube/stm32cubeide_1.7.0/stm32cubeide/plugins/com.st.stm32cube.ide.mcu.externaltools.gnu-tools-for-stm32.9-2020-q2-update.win32_2.0.0.202105311346/tools/bin/../lib/gcc/arm-none-eabi/9.3.1/../../../../arm-none-eabi/lib/thumb/v7e-m+fp/hard\libc_nano.a(lib_a-lock.o)
                0x0000000008007a02                __retarget_lock_release_recursive
 .text.__swhatbuf_r
                0x0000000008007a04       0x48 c:/program files/stmicroelectronics/stm32cube/stm32cubeide_1.7.0/stm32cubeide/plugins/com.st.stm32cube.ide.mcu.externaltools.gnu-tools-for-stm32.9-2020-q2-update.win32_2.0.0.202105311346/tools/bin/../lib/gcc/arm-none-eabi/9.3.1/../../../../arm-none-eabi/lib/thumb/v7e-m+fp/hard\libc_nano.a(lib_a-makebuf.o)
                0x0000000008007a04                __swhatbuf_r
 .text.__smakebuf_r
                0x0000000008007a4c       0x80 c:/program files/stmicroelectronics/stm32cube/stm32cubeide_1.7.0/stm32cubeide/plugins/com.st.stm32cube.ide.mcu.externaltools.gnu-tools-for-stm32.9-2020-q2-update.win32_2.0.0.202105311346/tools/bin/../lib/gcc/arm-none-eabi/9.3.1/../../../../arm-none-eabi/lib/thumb/v7e-m+fp/hard\libc_nano.a(lib_a-makebuf.o)
                0x0000000008007a4c                __smakebuf_r
 .text.__malloc_lock
                0x0000000008007acc        0xc c:/program files/stmicroelectronics/stm32cube/stm32cubeide_1.7.0/stm32cubeide/plugins/com.st.stm32cube.ide.mcu.externaltools.gnu-tools-for-stm32.9-2020-q2-update.win32_2.0.0.202105311346/tools/bin/../lib/gcc/arm-none-eabi/9.3.1/../../../../arm-none-eabi/lib/thumb/v7e-m+fp/hard\libc_nano.a(lib_a-mlock.o)
                0x0000000008007acc                __malloc_lock
 .text.__malloc_unlock
                0x0000000008007ad8        0xc c:/program files/stmicroelectronics/stm32cube/stm32cubeide_1.7.0/stm32cubeide/plugins/com.st.stm32cube.ide.mcu.externaltools.gnu-tools-for-stm32.9-2020-q2-update.win32_2.0.0.202105311346/tools/bin/../lib/gcc/arm-none-eabi/9.3.1/../../../../arm-none-eabi/lib/thumb/v7e-m+fp/hard\libc_nano.a(lib_a-mlock.o)
                0x0000000008007ad8                __malloc_unlock
 .text._raise_r
                0x0000000008007ae4       0x50 c:/program files/stmicroelectronics/stm32cube/stm32cubeide_1.7.0/stm32cubeide/plugins/com.st.stm32cube.ide.mcu.externaltools.gnu-tools-for-stm32.9-2020-q2-update.win32_2.0.0.202105311346/tools/bin/../lib/gcc/arm-none-eabi/9.3.1/../../../../arm-none-eabi/lib/thumb/v7e-m+fp/hard\libc_nano.a(lib_a-signal.o)
                0x0000000008007ae4                _raise_r
 .text.raise    0x0000000008007b34       0x10 c:/program files/stmicroelectronics/stm32cube/stm32cubeide_1.7.0/stm32cubeide/plugins/com.st.stm32cube.ide.mcu.externaltools.gnu-tools-for-stm32.9-2020-q2-update.win32_2.0.0.202105311346/tools/bin/../lib/gcc/arm-none-eabi/9.3.1/../../../../arm-none-eabi/lib/thumb/v7e-m+fp/hard\libc_nano.a(lib_a-signal.o)
                0x0000000008007b34                raise
 .text._kill_r  0x0000000008007b44       0x24 c:/program files/stmicroelectronics/stm32cube/stm32cubeide_1.7.0/stm32cubeide/plugins/com.st.stm32cube.ide.mcu.externaltools.gnu-tools-for-stm32.9-2020-q2-update.win32_2.0.0.202105311346/tools/bin/../lib/gcc/arm-none-eabi/9.3.1/../../../../arm-none-eabi/lib/thumb/v7e-m+fp/hard\libc_nano.a(lib_a-signalr.o)
                0x0000000008007b44                _kill_r
 .text._getpid_r
                0x0000000008007b68        0x4 c:/program files/stmicroelectronics/stm32cube/stm32cubeide_1.7.0/stm32cubeide/plugins/com.st.stm32cube.ide.mcu.externaltools.gnu-tools-for-stm32.9-2020-q2-update.win32_2.0.0.202105311346/tools/bin/../lib/gcc/arm-none-eabi/9.3.1/../../../../arm-none-eabi/lib/thumb/v7e-m+fp/hard\libc_nano.a(lib_a-signalr.o)
                0x0000000008007b68                _getpid_r
 .text.__sread  0x0000000008007b6c       0x22 c:/program files/stmicroelectronics/stm32cube/stm32cubeide_1.7.0/stm32cubeide/plugins/com.st.stm32cube.ide.mcu.externaltools.gnu-tools-for-stm32.9-2020-q2-update.win32_2.0.0.202105311346/tools/bin/../lib/gcc/arm-none-eabi/9.3.1/../../../../arm-none-eabi/lib/thumb/v7e-m+fp/hard\libc_nano.a(lib_a-stdio.o)
                0x0000000008007b6c                __sread
 .text.__swrite
                0x0000000008007b8e       0x38 c:/program files/stmicroelectronics/stm32cube/stm32cubeide_1.7.0/stm32cubeide/plugins/com.st.stm32cube.ide.mcu.externaltools.gnu-tools-for-stm32.9-2020-q2-update.win32_2.0.0.202105311346/tools/bin/../lib/gcc/arm-none-eabi/9.3.1/../../../../arm-none-eabi/lib/thumb/v7e-m+fp/hard\libc_nano.a(lib_a-stdio.o)
                0x0000000008007b8e                __swrite
 .text.__sseek  0x0000000008007bc6       0x24 c:/program files/stmicroelectronics/stm32cube/stm32cubeide_1.7.0/stm32cubeide/plugins/com.st.stm32cube.ide.mcu.externaltools.gnu-tools-for-stm32.9-2020-q2-update.win32_2.0.0.202105311346/tools/bin/../lib/gcc/arm-none-eabi/9.3.1/../../../../arm-none-eabi/lib/thumb/v7e-m+fp/hard\libc_nano.a(lib_a-stdio.o)
                0x0000000008007bc6                __sseek
 .text.__sclose
                0x0000000008007bea        0x8 c:/program files/stmicroelectronics/stm32cube/stm32cubeide_1.7.0/stm32cubeide/plugins/com.st.stm32cube.ide.mcu.externaltools.gnu-tools-for-stm32.9-2020-q2-update.win32_2.0.0.202105311346/tools/bin/../lib/gcc/arm-none-eabi/9.3.1/../../../../arm-none-eabi/lib/thumb/v7e-m+fp/hard\libc_nano.a(lib_a-stdio.o)
                0x0000000008007bea                __sclose
 *fill*         0x0000000008007bf2        0x2 
 .text._write_r
                0x0000000008007bf4       0x24 c:/program files/stmicroelectronics/stm32cube/stm32cubeide_1.7.0/stm32cubeide/plugins/com.st.stm32cube.ide.mcu.externaltools.gnu-tools-for-stm32.9-2020-q2-update.win32_2.0.0.202105311346/tools/bin/../lib/gcc/arm-none-eabi/9.3.1/../../../../arm-none-eabi/lib/thumb/v7e-m+fp/hard\libc_nano.a(lib_a-writer.o)
                0x0000000008007bf4                _write_r
 .text._close_r
                0x0000000008007c18       0x20 c:/program files/stmicroelectronics/stm32cube/stm32cubeide_1.7.0/stm32cubeide/plugins/com.st.stm32cube.ide.mcu.externaltools.gnu-tools-for-stm32.9-2020-q2-update.win32_2.0.0.202105311346/tools/bin/../lib/gcc/arm-none-eabi/9.3.1/../../../../arm-none-eabi/lib/thumb/v7e-m+fp/hard\libc_nano.a(lib_a-closer.o)
                0x0000000008007c18                _close_r
 .text._fstat_r
                0x0000000008007c38       0x24 c:/program files/stmicroelectronics/stm32cube/stm32cubeide_1.7.0/stm32cubeide/plugins/com.st.stm32cube.ide.mcu.externaltools.gnu-tools-for-stm32.9-2020-q2-update.win32_2.0.0.202105311346/tools/bin/../lib/gcc/arm-none-eabi/9.3.1/../../../../arm-none-eabi/lib/thumb/v7e-m+fp/hard\libc_nano.a(lib_a-fstatr.o)
                0x0000000008007c38                _fstat_r
 .text._isatty_r
                0x0000000008007c5c       0x20 c:/program files/stmicroelectronics/stm32cube/stm32cubeide_1.7.0/stm32cubeide/plugins/com.st.stm32cube.ide.mcu.externaltools.gnu-tools-for-stm32.9-2020-q2-update.win32_2.0.0.202105311346/tools/bin/../lib/gcc/arm-none-eabi/9.3.1/../../../../arm-none-eabi/lib/thumb/v7e-m+fp/hard\libc_nano.a(lib_a-isattyr.o)
                0x0000000008007c5c                _isatty_r
 .text._lseek_r
                0x0000000008007c7c       0x24 c:/program files/stmicroelectronics/stm32cube/stm32cubeide_1.7.0/stm32cubeide/plugins/com.st.stm32cube.ide.mcu.externaltools.gnu-tools-for-stm32.9-2020-q2-update.win32_2.0.0.202105311346/tools/bin/../lib/gcc/arm-none-eabi/9.3.1/../../../../arm-none-eabi/lib/thumb/v7e-m+fp/hard\libc_nano.a(lib_a-lseekr.o)
                0x0000000008007c7c                _lseek_r
 .text._read_r  0x0000000008007ca0       0x24 c:/program files/stmicroelectronics/stm32cube/stm32cubeide_1.7.0/stm32cubeide/plugins/com.st.stm32cube.ide.mcu.externaltools.gnu-tools-for-stm32.9-2020-q2-update.win32_2.0.0.202105311346/tools/bin/../lib/gcc/arm-none-eabi/9.3.1/../../../../arm-none-eabi/lib/thumb/v7e-m+fp/hard\libc_nano.a(lib_a-readr.o)
                0x0000000008007ca0                _read_r
 *(.glue_7)
 .glue_7        0x0000000008007cc4        0x0 linker stubs
 *(.glue_7t)
 .glue_7t       0x0000000008007cc4        0x0 linker stubs
 *(.eh_frame)
 .eh_frame      0x0000000008007cc4        0x0 c:/program files/stmicroelectronics/stm32cube/stm32cubeide_1.7.0/stm32cubeide/plugins/com.st.stm32cube.ide.mcu.externaltools.gnu-tools-for-stm32.9-2020-q2-update.win32_2.0.0.202105311346/tools/bin/../lib/gcc/arm-none-eabi/9.3.1/thumb/v7e-m+fp/hard/crtbegin.o
 *(.init)
 .init          0x0000000008007cc4        0x4 c:/program files/stmicroelectronics/stm32cube/stm32cubeide_1.7.0/stm32cubeide/plugins/com.st.stm32cube.ide.mcu.externaltools.gnu-tools-for-stm32.9-2020-q2-update.win32_2.0.0.202105311346/tools/bin/../lib/gcc/arm-none-eabi/9.3.1/thumb/v7e-m+fp/hard/crti.o
                0x0000000008007cc4                _init
 .init          0x0000000008007cc8        0x8 c:/program files/stmicroelectronics/stm32cube/stm32cubeide_1.7.0/stm32cubeide/plugins/com.st.stm32cube.ide.mcu.externaltools.gnu-tools-for-stm32.9-2020-q2-update.win32_2.0.0.202105311346/tools/bin/../lib/gcc/arm-none-eabi/9.3.1/thumb/v7e-m+fp/hard/crtn.o
 *(.fini)
 .fini          0x0000000008007cd0        0x4 c:/program files/stmicroelectronics/stm32cube/stm32cubeide_1.7.0/stm32cubeide/plugins/com.st.stm32cube.ide.mcu.externaltools.gnu-tools-for-stm32.9-2020-q2-update.win32_2.0.0.202105311346/tools/bin/../lib/gcc/arm-none-eabi/9.3.1/thumb/v7e-m+fp/hard/crti.o
                0x0000000008007cd0                _fini
 .fini          0x0000000008007cd4        0x8 c:/program files/stmicroelectronics/stm32cube/stm32cubeide_1.7.0/stm32cubeide/plugins/com.st.stm32cube.ide.mcu.externaltools.gnu-tools-for-stm32.9-2020-q2-update.win32_2.0.0.202105311346/tools/bin/../lib/gcc/arm-none-eabi/9.3.1/thumb/v7e-m+fp/hard/crtn.o
                0x0000000008007cdc                . = ALIGN (0x4)
                0x0000000008007cdc                _etext = .

.vfp11_veneer   0x0000000008007cdc        0x0
 .vfp11_veneer  0x0000000008007cdc        0x0 linker stubs

.v4_bx          0x0000000008007cdc        0x0
 .v4_bx         0x0000000008007cdc        0x0 linker stubs

.iplt           0x0000000008007cdc        0x0
 .iplt          0x0000000008007cdc        0x0 c:/program files/stmicroelectronics/stm32cube/stm32cubeide_1.7.0/stm32cubeide/plugins/com.st.stm32cube.ide.mcu.externaltools.gnu-tools-for-stm32.9-2020-q2-update.win32_2.0.0.202105311346/tools/bin/../lib/gcc/arm-none-eabi/9.3.1/thumb/v7e-m+fp/hard/crtbegin.o

.rodata         0x0000000008007cdc      0x3b8
                0x0000000008007cdc                . = ALIGN (0x4)
 *(.rodata)
 .rodata        0x0000000008007cdc       0x20 ./Core/Src/main.o
 .rodata        0x0000000008007cfc       0x7e ./MyLibrary/SerialProtocol/serialprotocol.o
 *(.rodata*)
 *fill*         0x0000000008007d7a        0x2 
 .rodata.AHBPrescTable
                0x0000000008007d7c       0x10 ./Core/Src/system_stm32l4xx.o
                0x0000000008007d7c                AHBPrescTable
 .rodata.APBPrescTable
                0x0000000008007d8c        0x8 ./Core/Src/system_stm32l4xx.o
                0x0000000008007d8c                APBPrescTable
 .rodata.MSIRangeTable
                0x0000000008007d94       0x30 ./Core/Src/system_stm32l4xx.o
                0x0000000008007d94                MSIRangeTable
 .rodata._global_impure_ptr
                0x0000000008007dc4        0x4 c:/program files/stmicroelectronics/stm32cube/stm32cubeide_1.7.0/stm32cubeide/plugins/com.st.stm32cube.ide.mcu.externaltools.gnu-tools-for-stm32.9-2020-q2-update.win32_2.0.0.202105311346/tools/bin/../lib/gcc/arm-none-eabi/9.3.1/../../../../arm-none-eabi/lib/thumb/v7e-m+fp/hard\libc_nano.a(lib_a-impure.o)
                0x0000000008007dc4                _global_impure_ptr
 .rodata.srand.str1.1
                0x0000000008007dc8       0x76 c:/program files/stmicroelectronics/stm32cube/stm32cubeide_1.7.0/stm32cubeide/plugins/com.st.stm32cube.ide.mcu.externaltools.gnu-tools-for-stm32.9-2020-q2-update.win32_2.0.0.202105311346/tools/bin/../lib/gcc/arm-none-eabi/9.3.1/../../../../arm-none-eabi/lib/thumb/v7e-m+fp/hard\libc_nano.a(lib_a-rand.o)
 .rodata.strtok.str1.1
                0x0000000008007e3e       0x61 c:/program files/stmicroelectronics/stm32cube/stm32cubeide_1.7.0/stm32cubeide/plugins/com.st.stm32cube.ide.mcu.externaltools.gnu-tools-for-stm32.9-2020-q2-update.win32_2.0.0.202105311346/tools/bin/../lib/gcc/arm-none-eabi/9.3.1/../../../../arm-none-eabi/lib/thumb/v7e-m+fp/hard\libc_nano.a(lib_a-strtok.o)
                                         0x78 (size before relaxing)
 .rodata.__utoa.str1.1
                0x0000000008007e9f       0x25 c:/program files/stmicroelectronics/stm32cube/stm32cubeide_1.7.0/stm32cubeide/plugins/com.st.stm32cube.ide.mcu.externaltools.gnu-tools-for-stm32.9-2020-q2-update.win32_2.0.0.202105311346/tools/bin/../lib/gcc/arm-none-eabi/9.3.1/../../../../arm-none-eabi/lib/thumb/v7e-m+fp/hard\libc_nano.a(lib_a-utoa.o)
 .rodata.__assert_func.str1.1
                0x0000000008007ec4       0x3c c:/program files/stmicroelectronics/stm32cube/stm32cubeide_1.7.0/stm32cubeide/plugins/com.st.stm32cube.ide.mcu.externaltools.gnu-tools-for-stm32.9-2020-q2-update.win32_2.0.0.202105311346/tools/bin/../lib/gcc/arm-none-eabi/9.3.1/../../../../arm-none-eabi/lib/thumb/v7e-m+fp/hard\libc_nano.a(lib_a-assert.o)
                                         0x3d (size before relaxing)
 .rodata._ctype_
                0x0000000008007f00      0x101 c:/program files/stmicroelectronics/stm32cube/stm32cubeide_1.7.0/stm32cubeide/plugins/com.st.stm32cube.ide.mcu.externaltools.gnu-tools-for-stm32.9-2020-q2-update.win32_2.0.0.202105311346/tools/bin/../lib/gcc/arm-none-eabi/9.3.1/../../../../arm-none-eabi/lib/thumb/v7e-m+fp/hard\libc_nano.a(lib_a-ctype_.o)
                0x0000000008007f00                _ctype_
 .rodata._vfprintf_r.str1.1
                0x0000000008008001       0x11 c:/program files/stmicroelectronics/stm32cube/stm32cubeide_1.7.0/stm32cubeide/plugins/com.st.stm32cube.ide.mcu.externaltools.gnu-tools-for-stm32.9-2020-q2-update.win32_2.0.0.202105311346/tools/bin/../lib/gcc/arm-none-eabi/9.3.1/../../../../arm-none-eabi/lib/thumb/v7e-m+fp/hard\libc_nano.a(lib_a-nano-vfprintf.o)
 .rodata._printf_i.str1.1
                0x0000000008008012       0x22 c:/program files/stmicroelectronics/stm32cube/stm32cubeide_1.7.0/stm32cubeide/plugins/com.st.stm32cube.ide.mcu.externaltools.gnu-tools-for-stm32.9-2020-q2-update.win32_2.0.0.202105311346/tools/bin/../lib/gcc/arm-none-eabi/9.3.1/../../../../arm-none-eabi/lib/thumb/v7e-m+fp/hard\libc_nano.a(lib_a-nano-vfprintf_i.o)
 .rodata.__sf_fake_stderr
                0x0000000008008034       0x20 c:/program files/stmicroelectronics/stm32cube/stm32cubeide_1.7.0/stm32cubeide/plugins/com.st.stm32cube.ide.mcu.externaltools.gnu-tools-for-stm32.9-2020-q2-update.win32_2.0.0.202105311346/tools/bin/../lib/gcc/arm-none-eabi/9.3.1/../../../../arm-none-eabi/lib/thumb/v7e-m+fp/hard\libc_nano.a(lib_a-findfp.o)
                0x0000000008008034                __sf_fake_stderr
 .rodata.__sf_fake_stdin
                0x0000000008008054       0x20 c:/program files/stmicroelectronics/stm32cube/stm32cubeide_1.7.0/stm32cubeide/plugins/com.st.stm32cube.ide.mcu.externaltools.gnu-tools-for-stm32.9-2020-q2-update.win32_2.0.0.202105311346/tools/bin/../lib/gcc/arm-none-eabi/9.3.1/../../../../arm-none-eabi/lib/thumb/v7e-m+fp/hard\libc_nano.a(lib_a-findfp.o)
                0x0000000008008054                __sf_fake_stdin
 .rodata.__sf_fake_stdout
                0x0000000008008074       0x20 c:/program files/stmicroelectronics/stm32cube/stm32cubeide_1.7.0/stm32cubeide/plugins/com.st.stm32cube.ide.mcu.externaltools.gnu-tools-for-stm32.9-2020-q2-update.win32_2.0.0.202105311346/tools/bin/../lib/gcc/arm-none-eabi/9.3.1/../../../../arm-none-eabi/lib/thumb/v7e-m+fp/hard\libc_nano.a(lib_a-findfp.o)
                0x0000000008008074                __sf_fake_stdout
                0x0000000008008094                . = ALIGN (0x4)

.ARM.extab      0x0000000008008094        0x0
                0x0000000008008094                . = ALIGN (0x4)
 *(.ARM.extab* .gnu.linkonce.armextab.*)
                0x0000000008008094                . = ALIGN (0x4)

.ARM            0x0000000008008094        0x8
                0x0000000008008094                . = ALIGN (0x4)
                0x0000000008008094                __exidx_start = .
 *(.ARM.exidx*)
 .ARM.exidx     0x0000000008008094        0x8 c:/program files/stmicroelectronics/stm32cube/stm32cubeide_1.7.0/stm32cubeide/plugins/com.st.stm32cube.ide.mcu.externaltools.gnu-tools-for-stm32.9-2020-q2-update.win32_2.0.0.202105311346/tools/bin/../lib/gcc/arm-none-eabi/9.3.1/thumb/v7e-m+fp/hard\libgcc.a(_udivmoddi4.o)
                0x000000000800809c                __exidx_end = .
                0x000000000800809c                . = ALIGN (0x4)

.rel.dyn        0x000000000800809c        0x0
 .rel.iplt      0x000000000800809c        0x0 c:/program files/stmicroelectronics/stm32cube/stm32cubeide_1.7.0/stm32cubeide/plugins/com.st.stm32cube.ide.mcu.externaltools.gnu-tools-for-stm32.9-2020-q2-update.win32_2.0.0.202105311346/tools/bin/../lib/gcc/arm-none-eabi/9.3.1/thumb/v7e-m+fp/hard/crtbegin.o

.preinit_array  0x000000000800809c        0x0
                0x000000000800809c                . = ALIGN (0x4)
                0x000000000800809c                PROVIDE (__preinit_array_start = .)
 *(.preinit_array*)
                0x000000000800809c                PROVIDE (__preinit_array_end = .)
                0x000000000800809c                . = ALIGN (0x4)

.init_array     0x000000000800809c        0x4
                0x000000000800809c                . = ALIGN (0x4)
                0x000000000800809c                PROVIDE (__init_array_start = .)
 *(SORT_BY_NAME(.init_array.*))
 *(.init_array*)
 .init_array    0x000000000800809c        0x4 c:/program files/stmicroelectronics/stm32cube/stm32cubeide_1.7.0/stm32cubeide/plugins/com.st.stm32cube.ide.mcu.externaltools.gnu-tools-for-stm32.9-2020-q2-update.win32_2.0.0.202105311346/tools/bin/../lib/gcc/arm-none-eabi/9.3.1/thumb/v7e-m+fp/hard/crtbegin.o
                0x00000000080080a0                PROVIDE (__init_array_end = .)
                0x00000000080080a0                . = ALIGN (0x4)

.fini_array     0x00000000080080a0        0x4
                0x00000000080080a0                . = ALIGN (0x4)
                [!provide]                        PROVIDE (__fini_array_start = .)
 *(SORT_BY_NAME(.fini_array.*))
 *(.fini_array*)
 .fini_array    0x00000000080080a0        0x4 c:/program files/stmicroelectronics/stm32cube/stm32cubeide_1.7.0/stm32cubeide/plugins/com.st.stm32cube.ide.mcu.externaltools.gnu-tools-for-stm32.9-2020-q2-update.win32_2.0.0.202105311346/tools/bin/../lib/gcc/arm-none-eabi/9.3.1/thumb/v7e-m+fp/hard/crtbegin.o
                [!provide]                        PROVIDE (__fini_array_end = .)
                0x00000000080080a4                . = ALIGN (0x4)
                0x00000000080080a4                _sidata = LOADADDR (.data)

.data           0x0000000020000000      0x23c load address 0x00000000080080a4
                0x0000000020000000                . = ALIGN (0x4)
                0x0000000020000000                _sdata = .
 *(.data)
 *(.data*)
 .data.debounce_time_start
                0x0000000020000000        0x4 ./Core/Src/main.o
                0x0000000020000000                debounce_time_start
 .data.mute_volume
                0x0000000020000004        0x2 ./Core/Src/main.o
                0x0000000020000004                mute_volume
 .data.bargraph_brightness
                0x0000000020000006        0x1 ./Core/Src/main.o
                0x0000000020000006                bargraph_brightness
 *fill*         0x0000000020000007        0x1 
 .data.ring_rotation_led
                0x0000000020000008        0x4 ./Core/Src/main.o
                0x0000000020000008                ring_rotation_led
 .data.SystemCoreClock
                0x000000002000000c        0x4 ./Core/Src/system_stm32l4xx.o
                0x000000002000000c                SystemCoreClock
 .data.uwTickPrio
                0x0000000020000010        0x4 ./Drivers/STM32L4xx_HAL_Driver/Src/stm32l4xx_hal.o
                0x0000000020000010                uwTickPrio
 .data.uwTickFreq
                0x0000000020000014        0x1 ./Drivers/STM32L4xx_HAL_Driver/Src/stm32l4xx_hal.o
                0x0000000020000014                uwTickFreq
 *fill*         0x0000000020000015        0x3 
 .data.bar_rot  0x0000000020000018       0xb0 ./MyLibrary/Clipboards/Bargraph/bargraph.o
 .data.ring_rot
                0x00000000200000c8      0x110 ./MyLibrary/Clipboards/Rotary/rotary.o
 .data._impure_ptr
                0x00000000200001d8        0x4 c:/program files/stmicroelectronics/stm32cube/stm32cubeide_1.7.0/stm32cubeide/plugins/com.st.stm32cube.ide.mcu.externaltools.gnu-tools-for-stm32.9-2020-q2-update.win32_2.0.0.202105311346/tools/bin/../lib/gcc/arm-none-eabi/9.3.1/../../../../arm-none-eabi/lib/thumb/v7e-m+fp/hard\libc_nano.a(lib_a-impure.o)
                0x00000000200001d8                _impure_ptr
 .data.impure_data
                0x00000000200001dc       0x60 c:/program files/stmicroelectronics/stm32cube/stm32cubeide_1.7.0/stm32cubeide/plugins/com.st.stm32cube.ide.mcu.externaltools.gnu-tools-for-stm32.9-2020-q2-update.win32_2.0.0.202105311346/tools/bin/../lib/gcc/arm-none-eabi/9.3.1/../../../../arm-none-eabi/lib/thumb/v7e-m+fp/hard\libc_nano.a(lib_a-impure.o)
 *(.RamFunc)
 *(.RamFunc*)
                0x000000002000023c                . = ALIGN (0x4)
                0x000000002000023c                _edata = .

.igot.plt       0x000000002000023c        0x0 load address 0x00000000080082e0
 .igot.plt      0x000000002000023c        0x0 c:/program files/stmicroelectronics/stm32cube/stm32cubeide_1.7.0/stm32cubeide/plugins/com.st.stm32cube.ide.mcu.externaltools.gnu-tools-for-stm32.9-2020-q2-update.win32_2.0.0.202105311346/tools/bin/../lib/gcc/arm-none-eabi/9.3.1/thumb/v7e-m+fp/hard/crtbegin.o
                0x000000002000023c                . = ALIGN (0x4)

.bss            0x000000002000023c      0x248 load address 0x00000000080082e0
                0x000000002000023c                _sbss = .
                0x000000002000023c                __bss_start__ = _sbss
 *(.bss)
 .bss           0x000000002000023c       0x1c c:/program files/stmicroelectronics/stm32cube/stm32cubeide_1.7.0/stm32cubeide/plugins/com.st.stm32cube.ide.mcu.externaltools.gnu-tools-for-stm32.9-2020-q2-update.win32_2.0.0.202105311346/tools/bin/../lib/gcc/arm-none-eabi/9.3.1/thumb/v7e-m+fp/hard/crtbegin.o
 *(.bss*)
 .bss.buttonclicks
                0x0000000020000258        0x1 ./Core/Src/main.o
                0x0000000020000258                buttonclicks
 *fill*         0x0000000020000259        0x1 
 .bss.last_volume
                0x000000002000025a        0x2 ./Core/Src/main.o
                0x000000002000025a                last_volume
 .bss.bargraph_volume
                0x000000002000025c        0x2 ./Core/Src/main.o
                0x000000002000025c                bargraph_volume
 .bss.rotary_volume
                0x000000002000025e        0x2 ./Core/Src/main.o
                0x000000002000025e                rotary_volume
 .bss.seperate  0x0000000020000260        0x1 ./Core/Src/main.o
                0x0000000020000260                seperate
 *fill*         0x0000000020000261        0x3 
 .bss.RxBuffer  0x0000000020000264        0x1 ./Core/Src/main.o
                0x0000000020000264                RxBuffer
 *fill*         0x0000000020000265        0x3 
 .bss.rotaty_brightness.9911
                0x0000000020000268       0x10 ./Core/Src/main.o
 .bss.__sbrk_heap_end
                0x0000000020000278        0x4 ./Core/Src/sysmem.o
 .bss.GPIO_ENCA_Portx
                0x000000002000027c        0x4 ./MyLibrary/Clipboards/Rotary/rotary.o
 .bss.GPIO_ENCA_Pinx
                0x0000000020000280        0x2 ./MyLibrary/Clipboards/Rotary/rotary.o
 *fill*         0x0000000020000282        0x2 
 .bss.GPIO_ENCB_Portx
                0x0000000020000284        0x4 ./MyLibrary/Clipboards/Rotary/rotary.o
 .bss.GPIO_ENCB_Pinx
                0x0000000020000288        0x2 ./MyLibrary/Clipboards/Rotary/rotary.o
 *fill*         0x000000002000028a        0x2 
 .bss.GPIO_SWITCH_Portx
                0x000000002000028c        0x4 ./MyLibrary/Clipboards/Rotary/rotary.o
 .bss.GPIO_SWITCH_Pinx
                0x0000000020000290        0x2 ./MyLibrary/Clipboards/Rotary/rotary.o
 .bss.encA_now  0x0000000020000292        0x1 ./MyLibrary/Clipboards/Rotary/rotary.o
 .bss.encB_now  0x0000000020000293        0x1 ./MyLibrary/Clipboards/Rotary/rotary.o
 .bss.enc_last  0x0000000020000294        0x1 ./MyLibrary/Clipboards/Rotary/rotary.o
 .bss.swi_now   0x0000000020000295        0x1 ./MyLibrary/Clipboards/Rotary/rotary.o
 *fill*         0x0000000020000296        0x2 
 .bss.CollectionBuffer
                0x0000000020000298       0x41 ./MyLibrary/SerialProtocol/serialprotocol.o
 *fill*         0x00000000200002d9        0x3 
 .bss.__malloc_free_list
                0x00000000200002dc        0x4 c:/program files/stmicroelectronics/stm32cube/stm32cubeide_1.7.0/stm32cubeide/plugins/com.st.stm32cube.ide.mcu.externaltools.gnu-tools-for-stm32.9-2020-q2-update.win32_2.0.0.202105311346/tools/bin/../lib/gcc/arm-none-eabi/9.3.1/../../../../arm-none-eabi/lib/thumb/v7e-m+fp/hard\libc_nano.a(lib_a-nano-mallocr.o)
                0x00000000200002dc                __malloc_free_list
 .bss.__malloc_sbrk_start
                0x00000000200002e0        0x4 c:/program files/stmicroelectronics/stm32cube/stm32cubeide_1.7.0/stm32cubeide/plugins/com.st.stm32cube.ide.mcu.externaltools.gnu-tools-for-stm32.9-2020-q2-update.win32_2.0.0.202105311346/tools/bin/../lib/gcc/arm-none-eabi/9.3.1/../../../../arm-none-eabi/lib/thumb/v7e-m+fp/hard\libc_nano.a(lib_a-nano-mallocr.o)
                0x00000000200002e0                __malloc_sbrk_start
 *(COMMON)
 COMMON         0x00000000200002e4      0x18c ./Core/Src/main.o
                0x00000000200002e4                hserialprot
                0x0000000020000308                hbar1
                0x0000000020000330                hrot1
                0x0000000020000354                htim6
                0x00000000200003a0                htim1
                0x00000000200003ec                huart2
 COMMON         0x0000000020000470        0x4 ./Drivers/STM32L4xx_HAL_Driver/Src/stm32l4xx_hal.o
                0x0000000020000470                uwTick
 COMMON         0x0000000020000474        0x9 c:/program files/stmicroelectronics/stm32cube/stm32cubeide_1.7.0/stm32cubeide/plugins/com.st.stm32cube.ide.mcu.externaltools.gnu-tools-for-stm32.9-2020-q2-update.win32_2.0.0.202105311346/tools/bin/../lib/gcc/arm-none-eabi/9.3.1/../../../../arm-none-eabi/lib/thumb/v7e-m+fp/hard\libc_nano.a(lib_a-lock.o)
                0x0000000020000474                __lock___atexit_recursive_mutex
                0x0000000020000475                __lock___arc4random_mutex
                0x0000000020000476                __lock___env_recursive_mutex
                0x0000000020000477                __lock___sinit_recursive_mutex
                0x0000000020000478                __lock___malloc_recursive_mutex
                0x0000000020000479                __lock___at_quick_exit_mutex
                0x000000002000047a                __lock___dd_hash_mutex
                0x000000002000047b                __lock___tz_mutex
                0x000000002000047c                __lock___sfp_recursive_mutex
 *fill*         0x000000002000047d        0x3 
 COMMON         0x0000000020000480        0x4 c:/program files/stmicroelectronics/stm32cube/stm32cubeide_1.7.0/stm32cubeide/plugins/com.st.stm32cube.ide.mcu.externaltools.gnu-tools-for-stm32.9-2020-q2-update.win32_2.0.0.202105311346/tools/bin/../lib/gcc/arm-none-eabi/9.3.1/../../../../arm-none-eabi/lib/thumb/v7e-m+fp/hard\libc_nano.a(lib_a-reent.o)
                0x0000000020000480                errno
                0x0000000020000484                . = ALIGN (0x4)
                0x0000000020000484                _ebss = .
                0x0000000020000484                __bss_end__ = _ebss

._user_heap_stack
                0x0000000020000484      0x604 load address 0x00000000080082e0
                0x0000000020000488                . = ALIGN (0x8)
 *fill*         0x0000000020000484        0x4 
                [!provide]                        PROVIDE (end = .)
                0x0000000020000488                PROVIDE (_end = .)
                0x0000000020000688                . = (. + _Min_Heap_Size)
 *fill*         0x0000000020000488      0x200 
                0x0000000020000a88                . = (. + _Min_Stack_Size)
 *fill*         0x0000000020000688      0x400 
                0x0000000020000a88                . = ALIGN (0x8)

/DISCARD/
 libc.a(*)
 libm.a(*)
 libgcc.a(*)

.ARM.attributes
                0x0000000000000000       0x30
 *(.ARM.attributes)
 .ARM.attributes
                0x0000000000000000       0x1e c:/program files/stmicroelectronics/stm32cube/stm32cubeide_1.7.0/stm32cubeide/plugins/com.st.stm32cube.ide.mcu.externaltools.gnu-tools-for-stm32.9-2020-q2-update.win32_2.0.0.202105311346/tools/bin/../lib/gcc/arm-none-eabi/9.3.1/thumb/v7e-m+fp/hard/crti.o
 .ARM.attributes
                0x000000000000001e       0x34 c:/program files/stmicroelectronics/stm32cube/stm32cubeide_1.7.0/stm32cubeide/plugins/com.st.stm32cube.ide.mcu.externaltools.gnu-tools-for-stm32.9-2020-q2-update.win32_2.0.0.202105311346/tools/bin/../lib/gcc/arm-none-eabi/9.3.1/thumb/v7e-m+fp/hard/crtbegin.o
 .ARM.attributes
                0x0000000000000052       0x34 ./Core/Src/main.o
 .ARM.attributes
                0x0000000000000086       0x34 ./Core/Src/stm32l4xx_hal_msp.o
 .ARM.attributes
                0x00000000000000ba       0x34 ./Core/Src/stm32l4xx_it.o
 .ARM.attributes
                0x00000000000000ee       0x34 ./Core/Src/syscalls.o
 .ARM.attributes
                0x0000000000000122       0x34 ./Core/Src/sysmem.o
 .ARM.attributes
                0x0000000000000156       0x34 ./Core/Src/system_stm32l4xx.o
 .ARM.attributes
                0x000000000000018a       0x21 ./Core/Startup/startup_stm32l432kcux.o
 .ARM.attributes
                0x00000000000001ab       0x34 ./Drivers/STM32L4xx_HAL_Driver/Src/stm32l4xx_hal.o
 .ARM.attributes
                0x00000000000001df       0x34 ./Drivers/STM32L4xx_HAL_Driver/Src/stm32l4xx_hal_cortex.o
 .ARM.attributes
                0x0000000000000213       0x34 ./Drivers/STM32L4xx_HAL_Driver/Src/stm32l4xx_hal_dma.o
 .ARM.attributes
                0x0000000000000247       0x34 ./Drivers/STM32L4xx_HAL_Driver/Src/stm32l4xx_hal_gpio.o
 .ARM.attributes
                0x000000000000027b       0x34 ./Drivers/STM32L4xx_HAL_Driver/Src/stm32l4xx_hal_pwr_ex.o
 .ARM.attributes
                0x00000000000002af       0x34 ./Drivers/STM32L4xx_HAL_Driver/Src/stm32l4xx_hal_rcc.o
 .ARM.attributes
                0x00000000000002e3       0x34 ./Drivers/STM32L4xx_HAL_Driver/Src/stm32l4xx_hal_rcc_ex.o
 .ARM.attributes
                0x0000000000000317       0x34 ./Drivers/STM32L4xx_HAL_Driver/Src/stm32l4xx_hal_tim.o
 .ARM.attributes
                0x000000000000034b       0x34 ./Drivers/STM32L4xx_HAL_Driver/Src/stm32l4xx_hal_tim_ex.o
 .ARM.attributes
                0x000000000000037f       0x34 ./Drivers/STM32L4xx_HAL_Driver/Src/stm32l4xx_hal_uart.o
 .ARM.attributes
                0x00000000000003b3       0x34 ./Drivers/STM32L4xx_HAL_Driver/Src/stm32l4xx_hal_uart_ex.o
 .ARM.attributes
                0x00000000000003e7       0x34 ./MyLibrary/Clipboards/Bargraph/bargraph.o
 .ARM.attributes
                0x000000000000041b       0x34 ./MyLibrary/Clipboards/Rotary/rotary.o
 .ARM.attributes
                0x000000000000044f       0x34 ./MyLibrary/Clipboards/clipboard.o
 .ARM.attributes
                0x0000000000000483       0x34 ./MyLibrary/SerialProtocol/serialprotocol.o
 .ARM.attributes
                0x00000000000004b7       0x34 ./MyLibrary/StdLib/mystdlib.o
 .ARM.attributes
                0x00000000000004eb       0x34 c:/program files/stmicroelectronics/stm32cube/stm32cubeide_1.7.0/stm32cubeide/plugins/com.st.stm32cube.ide.mcu.externaltools.gnu-tools-for-stm32.9-2020-q2-update.win32_2.0.0.202105311346/tools/bin/../lib/gcc/arm-none-eabi/9.3.1/../../../../arm-none-eabi/lib/thumb/v7e-m+fp/hard\libc_nano.a(lib_a-atoi.o)
 .ARM.attributes
                0x000000000000051f       0x34 c:/program files/stmicroelectronics/stm32cube/stm32cubeide_1.7.0/stm32cubeide/plugins/com.st.stm32cube.ide.mcu.externaltools.gnu-tools-for-stm32.9-2020-q2-update.win32_2.0.0.202105311346/tools/bin/../lib/gcc/arm-none-eabi/9.3.1/../../../../arm-none-eabi/lib/thumb/v7e-m+fp/hard\libc_nano.a(lib_a-errno.o)
 .ARM.attributes
                0x0000000000000553       0x32 c:/program files/stmicroelectronics/stm32cube/stm32cubeide_1.7.0/stm32cubeide/plugins/com.st.stm32cube.ide.mcu.externaltools.gnu-tools-for-stm32.9-2020-q2-update.win32_2.0.0.202105311346/tools/bin/../lib/gcc/arm-none-eabi/9.3.1/../../../../arm-none-eabi/lib/thumb/v7e-m+fp/hard\libc_nano.a(lib_a-impure.o)
 .ARM.attributes
                0x0000000000000585       0x34 c:/program files/stmicroelectronics/stm32cube/stm32cubeide_1.7.0/stm32cubeide/plugins/com.st.stm32cube.ide.mcu.externaltools.gnu-tools-for-stm32.9-2020-q2-update.win32_2.0.0.202105311346/tools/bin/../lib/gcc/arm-none-eabi/9.3.1/../../../../arm-none-eabi/lib/thumb/v7e-m+fp/hard\libc_nano.a(lib_a-init.o)
 .ARM.attributes
                0x00000000000005b9       0x34 c:/program files/stmicroelectronics/stm32cube/stm32cubeide_1.7.0/stm32cubeide/plugins/com.st.stm32cube.ide.mcu.externaltools.gnu-tools-for-stm32.9-2020-q2-update.win32_2.0.0.202105311346/tools/bin/../lib/gcc/arm-none-eabi/9.3.1/../../../../arm-none-eabi/lib/thumb/v7e-m+fp/hard\libc_nano.a(lib_a-isalpha.o)
 .ARM.attributes
                0x00000000000005ed       0x34 c:/program files/stmicroelectronics/stm32cube/stm32cubeide_1.7.0/stm32cubeide/plugins/com.st.stm32cube.ide.mcu.externaltools.gnu-tools-for-stm32.9-2020-q2-update.win32_2.0.0.202105311346/tools/bin/../lib/gcc/arm-none-eabi/9.3.1/../../../../arm-none-eabi/lib/thumb/v7e-m+fp/hard\libc_nano.a(lib_a-itoa.o)
 .ARM.attributes
                0x0000000000000621       0x34 c:/program files/stmicroelectronics/stm32cube/stm32cubeide_1.7.0/stm32cubeide/plugins/com.st.stm32cube.ide.mcu.externaltools.gnu-tools-for-stm32.9-2020-q2-update.win32_2.0.0.202105311346/tools/bin/../lib/gcc/arm-none-eabi/9.3.1/../../../../arm-none-eabi/lib/thumb/v7e-m+fp/hard\libc_nano.a(lib_a-memset.o)
 .ARM.attributes
                0x0000000000000655       0x34 c:/program files/stmicroelectronics/stm32cube/stm32cubeide_1.7.0/stm32cubeide/plugins/com.st.stm32cube.ide.mcu.externaltools.gnu-tools-for-stm32.9-2020-q2-update.win32_2.0.0.202105311346/tools/bin/../lib/gcc/arm-none-eabi/9.3.1/../../../../arm-none-eabi/lib/thumb/v7e-m+fp/hard\libc_nano.a(lib_a-rand.o)
 .ARM.attributes
                0x0000000000000689       0x34 c:/program files/stmicroelectronics/stm32cube/stm32cubeide_1.7.0/stm32cubeide/plugins/com.st.stm32cube.ide.mcu.externaltools.gnu-tools-for-stm32.9-2020-q2-update.win32_2.0.0.202105311346/tools/bin/../lib/gcc/arm-none-eabi/9.3.1/../../../../arm-none-eabi/lib/thumb/v7e-m+fp/hard\libc_nano.a(lib_a-strcat.o)
 .ARM.attributes
                0x00000000000006bd       0x1c c:/program files/stmicroelectronics/stm32cube/stm32cubeide_1.7.0/stm32cubeide/plugins/com.st.stm32cube.ide.mcu.externaltools.gnu-tools-for-stm32.9-2020-q2-update.win32_2.0.0.202105311346/tools/bin/../lib/gcc/arm-none-eabi/9.3.1/../../../../arm-none-eabi/lib/thumb/v7e-m+fp/hard\libc_nano.a(lib_a-strcmp.o)
 .ARM.attributes
                0x00000000000006d9       0x34 c:/program files/stmicroelectronics/stm32cube/stm32cubeide_1.7.0/stm32cubeide/plugins/com.st.stm32cube.ide.mcu.externaltools.gnu-tools-for-stm32.9-2020-q2-update.win32_2.0.0.202105311346/tools/bin/../lib/gcc/arm-none-eabi/9.3.1/../../../../arm-none-eabi/lib/thumb/v7e-m+fp/hard\libc_nano.a(lib_a-strcpy.o)
 .ARM.attributes
                0x000000000000070d       0x34 c:/program files/stmicroelectronics/stm32cube/stm32cubeide_1.7.0/stm32cubeide/plugins/com.st.stm32cube.ide.mcu.externaltools.gnu-tools-for-stm32.9-2020-q2-update.win32_2.0.0.202105311346/tools/bin/../lib/gcc/arm-none-eabi/9.3.1/../../../../arm-none-eabi/lib/thumb/v7e-m+fp/hard\libc_nano.a(lib_a-strcspn.o)
 .ARM.attributes
                0x0000000000000741       0x17 c:/program files/stmicroelectronics/stm32cube/stm32cubeide_1.7.0/stm32cubeide/plugins/com.st.stm32cube.ide.mcu.externaltools.gnu-tools-for-stm32.9-2020-q2-update.win32_2.0.0.202105311346/tools/bin/../lib/gcc/arm-none-eabi/9.3.1/../../../../arm-none-eabi/lib/thumb/v7e-m+fp/hard\libc_nano.a(lib_a-strlen.o)
 .ARM.attributes
                0x0000000000000758       0x34 c:/program files/stmicroelectronics/stm32cube/stm32cubeide_1.7.0/stm32cubeide/plugins/com.st.stm32cube.ide.mcu.externaltools.gnu-tools-for-stm32.9-2020-q2-update.win32_2.0.0.202105311346/tools/bin/../lib/gcc/arm-none-eabi/9.3.1/../../../../arm-none-eabi/lib/thumb/v7e-m+fp/hard\libc_nano.a(lib_a-strpbrk.o)
 .ARM.attributes